Component: ARM Compiler 5.06 update 6 (build 750) Tool: armlink [4d35ed]

==============================================================================

Section Cross References

    startup_stm32f103xb.o(RESET) refers to startup_stm32f103xb.o(STACK) for __initial_sp
    startup_stm32f103xb.o(RESET) refers to startup_stm32f103xb.o(.text) for Reset_Handler
    startup_stm32f103xb.o(RESET) refers to stm32f1xx_it.o(i.NMI_Handler) for NMI_Handler
    startup_stm32f103xb.o(RESET) refers to stm32f1xx_it.o(i.HardFault_Handler) for HardFault_Handler
    startup_stm32f103xb.o(RESET) refers to stm32f1xx_it.o(i.MemManage_Handler) for MemManage_Handler
    startup_stm32f103xb.o(RESET) refers to stm32f1xx_it.o(i.BusFault_Handler) for BusFault_Handler
    startup_stm32f103xb.o(RESET) refers to stm32f1xx_it.o(i.UsageFault_Handler) for UsageFault_Handler
    startup_stm32f103xb.o(RESET) refers to stm32f1xx_it.o(i.SVC_Handler) for SVC_Handler
    startup_stm32f103xb.o(RESET) refers to stm32f1xx_it.o(i.DebugMon_Handler) for DebugMon_Handler
    startup_stm32f103xb.o(RESET) refers to stm32f1xx_it.o(i.PendSV_Handler) for PendSV_Handler
    startup_stm32f103xb.o(RESET) refers to stm32f1xx_it.o(i.SysTick_Handler) for SysTick_Handler
    startup_stm32f103xb.o(RESET) refers to stm32f1xx_it.o(i.EXTI0_IRQHandler) for EXTI0_IRQHandler
    startup_stm32f103xb.o(RESET) refers to stm32f1xx_it.o(i.USB_LP_CAN1_RX0_IRQHandler) for USB_LP_CAN1_RX0_IRQHandler
    startup_stm32f103xb.o(RESET) refers to stm32f1xx_it.o(i.EXTI9_5_IRQHandler) for EXTI9_5_IRQHandler
    startup_stm32f103xb.o(RESET) refers to stm32f1xx_it.o(i.TIM1_UP_IRQHandler) for TIM1_UP_IRQHandler
    startup_stm32f103xb.o(RESET) refers to stm32f1xx_it.o(i.USART1_IRQHandler) for USART1_IRQHandler
    startup_stm32f103xb.o(.text) refers to system_stm32f1xx.o(i.SystemInit) for SystemInit
    startup_stm32f103xb.o(.text) refers to entry.o(.ARM.Collect$$$$00000000) for __main
    ds18b20.o(i.DelayMicro) refers to system_stm32f1xx.o(.data) for SystemCoreClock
    ds18b20.o(i.ds18b20_Convert_int8) refers to ds18b20.o(.data) for .data
    ds18b20.o(i.ds18b20_GetTemp) refers to ds18b20.o(i.ds18b20_MeasureTemperCmd) for ds18b20_MeasureTemperCmd
    ds18b20.o(i.ds18b20_GetTemp) refers to stm32f1xx_hal.o(i.HAL_Delay) for HAL_Delay
    ds18b20.o(i.ds18b20_GetTemp) refers to ds18b20.o(i.ds18b20_ReadStratcpad) for ds18b20_ReadStratcpad
    ds18b20.o(i.ds18b20_GetTemp) refers to ds18b20.o(i.ds18b20_Convert_int8) for ds18b20_Convert_int8
    ds18b20.o(i.ds18b20_Init) refers to ds18b20.o(i.port_init) for port_init
    ds18b20.o(i.ds18b20_Init) refers to ds18b20.o(i.DelayMicro) for DelayMicro
    ds18b20.o(i.ds18b20_Init) refers to ds18b20.o(i.ds18b20_Reset) for ds18b20_Reset
    ds18b20.o(i.ds18b20_Init) refers to ds18b20.o(i.ds18b20_WriteByte) for ds18b20_WriteByte
    ds18b20.o(i.ds18b20_MeasureTemperCmd) refers to ds18b20.o(i.ds18b20_Reset) for ds18b20_Reset
    ds18b20.o(i.ds18b20_MeasureTemperCmd) refers to ds18b20.o(i.ds18b20_WriteByte) for ds18b20_WriteByte
    ds18b20.o(i.ds18b20_ReadBit) refers to ds18b20.o(i.DelayMicro) for DelayMicro
    ds18b20.o(i.ds18b20_ReadByte) refers to ds18b20.o(i.ds18b20_ReadBit) for ds18b20_ReadBit
    ds18b20.o(i.ds18b20_ReadStratcpad) refers to ds18b20.o(i.ds18b20_Reset) for ds18b20_Reset
    ds18b20.o(i.ds18b20_ReadStratcpad) refers to ds18b20.o(i.ds18b20_WriteByte) for ds18b20_WriteByte
    ds18b20.o(i.ds18b20_ReadStratcpad) refers to ds18b20.o(i.ds18b20_ReadByte) for ds18b20_ReadByte
    ds18b20.o(i.ds18b20_ReadStratcpad) refers to ds18b20.o(.data) for .data
    ds18b20.o(i.ds18b20_Reset) refers to ds18b20.o(i.DelayMicro) for DelayMicro
    ds18b20.o(i.ds18b20_WriteBit) refers to ds18b20.o(i.DelayMicro) for DelayMicro
    ds18b20.o(i.ds18b20_WriteByte) refers to ds18b20.o(i.ds18b20_WriteBit) for ds18b20_WriteBit
    ds18b20.o(i.ds18b20_WriteByte) refers to ds18b20.o(i.DelayMicro) for DelayMicro
    ds18b20.o(i.port_init) refers to stm32f1xx_hal_gpio.o(i.HAL_GPIO_DeInit) for HAL_GPIO_DeInit
    wireless_ctrl.o(i.WL_Check_Addr) refers to stm32f1xx_hal_i2c.o(i.HAL_I2C_Master_Transmit) for HAL_I2C_Master_Transmit
    wireless_ctrl.o(i.WL_Check_Addr) refers to stm32f1xx_hal_i2c.o(i.HAL_I2C_Master_Receive) for HAL_I2C_Master_Receive
    wireless_ctrl.o(i.WL_Check_Addr) refers to printf8.o(i.__0printf$8) for __2printf
    wireless_ctrl.o(i.WL_Check_Addr) refers to stm32f1xx_hal_i2c.o(i.HAL_I2C_GetError) for HAL_I2C_GetError
    wireless_ctrl.o(i.WL_Check_Addr) refers to wireless_ctrl.o(i.WL_Send_Packet) for WL_Send_Packet
    wireless_ctrl.o(i.WL_Check_Addr) refers to stm32f1xx_hal.o(i.HAL_GetTick) for HAL_GetTick
    wireless_ctrl.o(i.WL_Check_Addr) refers to wireless_ctrl.o(i.WL_Check_Packet) for WL_Check_Packet
    wireless_ctrl.o(i.WL_Check_Addr) refers to printf8.o(i.__0sprintf$8) for __2sprintf
    wireless_ctrl.o(i.WL_Check_Addr) refers to strlen.o(.text) for strlen
[...]
    i.ds18b20_MeasureTemperCmd               0x08005b22   Section        0  ds18b20.o(i.ds18b20_MeasureTemperCmd)
    i.ds18b20_ReadBit                        0x08005b40   Section        0  ds18b20.o(i.ds18b20_ReadBit)
    i.ds18b20_ReadByte                       0x08005b78   Section        0  ds18b20.o(i.ds18b20_ReadByte)
    i.ds18b20_ReadStratcpad                  0x08005b94   Section        0  ds18b20.o(i.ds18b20_ReadStratcpad)
    i.ds18b20_Reset                          0x08005bc8   Section        0  ds18b20.o(i.ds18b20_Reset)
    i.ds18b20_WriteBit                       0x08005c08   Section        0  ds18b20.o(i.ds18b20_WriteBit)
    i.ds18b20_WriteByte                      0x08005c40   Section        0  ds18b20.o(i.ds18b20_WriteByte)
    i.fputc                                  0x08005c64   Section        0  retarget_io.o(i.fputc)
    i.main                                   0x08005c84   Section        0  main.o(i.main)
    i.parseCommand                           0x08005e58   Section        0  uart_cmd_parser.o(i.parseCommand)
    i.port_init                              0x08006644   Section        0  ds18b20.o(i.port_init)
    i.print_pack_info                        0x08006674   Section        0  wireless_ctrl.o(i.print_pack_info)
    i.str_to_int32                           0x08006828   Section        0  uart_cmd_parser.o(i.str_to_int32)
    i.uartInit                               0x08006848   Section        0  uart_cmd_parser.o(i.uartInit)
    .constdata                               0x08006fec   Section       24  sx1278.o(.constdata)
    SX1278_Frequency                         0x08006fec   Data           3  sx1278.o(.constdata)
    SX1278_Power                             0x08006fef   Data           4  sx1278.o(.constdata)
    SX1278_SpreadFactor                      0x08006ff3   Data           7  sx1278.o(.constdata)
    SX1278_LoRaBandwidth                     0x08006ffa   Data          10  sx1278.o(.constdata)
    .constdata                               0x08007004   Section        7  uart_cmd_parser.o(.constdata)
    SX1278_SpreadFactor                      0x08007004   Data           7  uart_cmd_parser.o(.constdata)
    .constdata                               0x0800700b   Section       16  system_stm32f1xx.o(.constdata)
    .constdata                               0x0800701b   Section        8  system_stm32f1xx.o(.constdata)
    .constdata                               0x08007023   Section      129  ctype_o.o(.constdata)
    .constdata                               0x080070a4   Section        4  ctype_o.o(.constdata)
    table                                    0x080070a4   Data           4  ctype_o.o(.constdata)
    .conststring                             0x080070a8   Section      140  wireless_ctrl.o(.conststring)
    .conststring                             0x08007134   Section      108  sx1278.o(.conststring)
    .conststring                             0x080071a0   Section      351  uart_cmd_parser.o(.conststring)
    .data                                    0x20000000   Section        9  ds18b20.o(.data)
    .data                                    0x2000000c   Section       64  wireless_ctrl.o(.data)
    PACK_STATE_STR                           0x20000018   Data          52  wireless_ctrl.o(.data)
    .data                                    0x2000004c   Section        2  wireless_ctrl.o(.data)
    .data                                    0x2000004e   Section        2  wireless_ctrl.o(.data)
    .data                                    0x20000050   Section       76  sx1278.o(.data)
    SX1278_Power_s                           0x20000054   Data          16  sx1278.o(.data)
    SX1278_LoRaBandwidth_s                   0x20000064   Data          40  sx1278.o(.data)
    SX1278_CR_s                              0x2000008c   Data          16  sx1278.o(.data)
    .data                                    0x2000009c   Section      176  uart_cmd_parser.o(.data)
    SX1278_Power_s                           0x2000009c   Data          16  uart_cmd_parser.o(.data)
    SX1278_LoRaBandwidth_s                   0x200000ac   Data          40  uart_cmd_parser.o(.data)
    SX1278_CR_s                              0x200000d4   Data          16  uart_cmd_parser.o(.data)
    PACK_STATE_STR                           0x200000e4   Data          52  uart_cmd_parser.o(.data)
    commands                                 0x20000118   Data          32  uart_cmd_parser.o(.data)
    param                                    0x20000138   Data          20  uart_cmd_parser.o(.data)
    .data                                    0x2000014c   Section        8  crc.o(.data)
    .data                                    0x20000154   Section        5  usart.o(.data)
    uart1_rx_len                             0x20000156   Data           1  usart.o(.data)
    csi_rx_len                               0x20000157   Data           1  usart.o(.data)
    CSI                                      0x20000158   Data           1  usart.o(.data)
    .data                                    0x2000015c   Section       28  usbd_desc.o(.data)
    .data                                    0x20000178   Section       50  usbd_desc.o(.data)
    .data                                    0x200001aa   Section        4  usbd_cdc_if.o(.data)
    vcp_rx_len                               0x200001ab   Data           1  usbd_cdc_if.o(.data)
    csi_rx_len                               0x200001ac   Data           1  usbd_cdc_if.o(.data)
    CSI                                      0x200001ad   Data           1  usbd_cdc_if.o(.data)
    .data                                    0x200001b0   Section       16  usbd_cdc_if.o(.data)
    .data                                    0x200001c0   Section       12  stm32f1xx_hal.o(.data)
    .data                                    0x200001cc   Section        4  system_stm32f1xx.o(.data)
    .data                                    0x200001d0   Section        1  usbd_ctlreq.o(.data)
    cfgidx                                   0x200001d0   Data           1  usbd_ctlreq.o(.data)
    .data                                    0x200001d4   Section      215  usbd_cdc.o(.data)
    USBD_CDC_DeviceQualifierDesc             0x200001d4   Data          10  usbd_cdc.o(.data)
    .data                                    0x200002ac   Section       56  usbd_cdc.o(.data)
    .data                                    0x200002e4   Section        4  stdout.o(.data)
    .data                                    0x200002e8   Section        4  stderr.o(.data)
    .data                                    0x200002ec   Section        4  errno.o(.data)
    _errno                                   0x200002ec   Data           4  errno.o(.data)
    .bss                                     0x200002f0   Section       84  wireless_ctrl.o(.bss)
    .bss                                     0x20000344   Section      330  sx1278.o(.bss)
    .bss                                     0x20000490   Section       84  i2c.o(.bss)
    .bss                                     0x200004e4   Section       88  spi.o(.bss)
    .bss                                     0x2000053c   Section       64  tim.o(.bss)
    .bss                                     0x2000057c   Section      144  usart.o(.bss)
    .bss                                     0x2000060c   Section      708  usb_device.o(.bss)
    .bss                                     0x200008d0   Section     1164  usbd_conf.o(.bss)
    mem                                      0x200008d0   Data         544  usbd_conf.o(.bss)
    .bss                                     0x20000d5c   Section      256  usbd_desc.o(.bss)
    .bss                                     0x20000e5c   Section      208  usbd_cdc_if.o(.bss)
    STACK                                    0x20000f30   Section     2048  startup_stm32f103xb.o(STACK)

    Global Symbols

    Symbol Name                              Value     Ov Type        Size  Object(Section)

    BuildAttributes$$THM_ISAv4$P$D$K$B$S$PE$A:L22UL41UL21$X:L11$S22US41US21$IEEE1$IW$USESV6$~STKCKD$USESV7$~SHL$OSPACE$ROPI$EBA8$MICROLIB$REQ8$PRES8$EABIv2 0x00000000   Number         0  anon$$obj.o ABSOLUTE
    __ARM_use_no_argv                        0x00000000   Number         0  main.o ABSOLUTE
    _printf_a                                0x00000000   Number         0  stubs.o ABSOLUTE
    _printf_c                                0x00000000   Number         0  stubs.o ABSOLUTE
    _printf_charcount                        0x00000000   Number         0  stubs.o ABSOLUTE
    _printf_d                                0x00000000   Number         0  stubs.o ABSOLUTE
    _printf_e                                0x00000000   Number         0  stubs.o ABSOLUTE
    _printf_f                                0x00000000   Number         0  stubs.o ABSOLUTE
    _printf_flags                            0x00000000   Number         0  stubs.o ABSOLUTE
    _printf_fp_dec                           0x00000000   Number         0  stubs.o ABSOLUTE
    _printf_fp_hex                           0x00000000   Number         0  stubs.o ABSOLUTE
    _printf_g                                0x00000000   Number         0  stubs.o ABSOLUTE
    _printf_i                                0x00000000   Number         0  stubs.o ABSOLUTE
    _printf_int_dec                          0x00000000   Number         0  stubs.o ABSOLUTE
    _printf_l                                0x00000000   Number         0  stubs.o ABSOLUTE
    _printf_lc                               0x00000000   Number         0  stubs.o ABSOLUTE
    _printf_ll                               0x00000000   Number         0  stubs.o ABSOLUTE
    _printf_lld                              0x00000000   Number         0  stubs.o ABSOLUTE
    _printf_lli                              0x00000000   Number         0  stubs.o ABSOLUTE
    _printf_llo                              0x00000000   Number         0  stubs.o ABSOLUTE
    _printf_llu                              0x00000000   Number         0  stubs.o ABSOLUTE
    _printf_llx                              0x00000000   Number         0  stubs.o ABSOLUTE
    _printf_longlong_dec                     0x00000000   Number         0  stubs.o ABSOLUTE
    _printf_longlong_hex                     0x00000000   Number         0  stubs.o ABSOLUTE
    _printf_longlong_oct                     0x00000000   Number         0  stubs.o ABSOLUTE
    _printf_ls                               0x00000000   Number         0  stubs.o ABSOLUTE
    _printf_mbtowc                           0x00000000   Number         0  stubs.o ABSOLUTE
    _printf_n                                0x00000000   Number         0  stubs.o ABSOLUTE
    _printf_o                                0x00000000   Number         0  stubs.o ABSOLUTE
    _printf_p                                0x00000000   Number         0  stubs.o ABSOLUTE
    _printf_percent                          0x00000000   Number         0  stubs.o ABSOLUTE
    _printf_pre_padding                      0x00000000   Number         0  stubs.o ABSOLUTE
    _printf_return_value                     0x00000000   Number         0  stubs.o ABSOLUTE
    _printf_s                                0x00000000   Number         0  stubs.o ABSOLUTE
    _printf_sizespec                         0x00000000   Number         0  stubs.o ABSOLUTE
    _printf_str                              0x00000000   Number         0  stubs.o ABSOLUTE
    _printf_truncate_signed                  0x00000000   Number         0  stubs.o ABSOLUTE
    _printf_truncate_unsigned                0x00000000   Number         0  stubs.o ABSOLUTE
    _printf_u                                0x00000000   Number         0  stubs.o ABSOLUTE
    _printf_wc                               0x00000000   Number         0  stubs.o ABSOLUTE
    _printf_wctomb                           0x00000000   Number         0  stubs.o ABSOLUTE
    _printf_widthprec                        0x00000000   Number         0  stubs.o ABSOLUTE
    _printf_x                                0x00000000   Number         0  stubs.o ABSOLUTE
    __cpp_initialize__aeabi_                  - Undefined Weak Reference
    __cxa_finalize                            - Undefined Weak Reference
    _clock_init                               - Undefined Weak Reference
    _microlib_exit                            - Undefined Weak Reference
    __Vectors_Size                           0x000000ec   Number         0  startup_stm32f103xb.o ABSOLUTE
    __Vectors                                0x08000000   Data           4  startup_stm32f103xb.o(RESET)
    __Vectors_End                            0x080000ec   Data           0  startup_stm32f103xb.o(RESET)
    __main                                   0x080000ed   Thumb Code     0  entry.o(.ARM.Collect$$$$00000000)
    _main_stk                                0x080000ed   Thumb Code     0  entry2.o(.ARM.Collect$$$$00000001)
    _main_scatterload                        0x080000f1   Thumb Code     0  entry5.o(.ARM.Collect$$$$00000004)
    __main_after_scatterload                 0x080000f5   Thumb Code     0  entry5.o(.ARM.Collect$$$$00000004)
    _main_clock                              0x080000f5   Thumb Code     0  entry7b.o(.ARM.Collect$$$$00000008)
    _main_cpp_init                           0x080000f5   Thumb Code     0  entry8b.o(.ARM.Collect$$$$0000000A)
    _main_init                               0x080000f5   Thumb Code     0  entry9a.o(.ARM.Collect$$$$0000000B)
    __rt_final_cpp                           0x080000fd   Thumb Code     0  entry10a.o(.ARM.Collect$$$$0000000D)
    __rt_final_exit                          0x080000fd   Thumb Code     0  entry11a.o(.ARM.Collect$$$$0000000F)
    Reset_Handler                            0x08000101   Thumb Code     8  startup_stm32f103xb.o(.text)
    ADC1_2_IRQHandler                        0x0800011b   Thumb Code     0  startup_stm32f103xb.o(.text)
    CAN1_RX1_IRQHandler                      0x0800011b   Thumb Code     0  startup_stm32f103xb.o(.text)
    CAN1_SCE_IRQHandler                      0x0800011b   Thumb Code     0  startup_stm32f103xb.o(.text)
    DMA1_Channel1_IRQHandler                 0x0800011b   Thumb Code     0  startup_stm32f103xb.o(.text)
    DMA1_Channel2_IRQHandler                 0x0800011b   Thumb Code     0  startup_stm32f103xb.o(.text)
    DMA1_Channel3_IRQHandler                 0x0800011b   Thumb Code     0  startup_stm32f103xb.o(.text)
    DMA1_Channel4_IRQHandler                 0x0800011b   Thumb Code     0  startup_stm32f103xb.o(.text)
    DMA1_Channel5_IRQHandler                 0x0800011b   Thumb Code     0  startup_stm32f103xb.o(.text)
    DMA1_Channel6_IRQHandler                 0x0800011b   Thumb Code     0  startup_stm32f103xb.o(.text)
    DMA1_Channel7_IRQHandler                 0x0800011b   Thumb Code     0  startup_stm32f103xb.o(.text)
    EXTI15_10_IRQHandler                     0x0800011b   Thumb Code     0  startup_stm32f103xb.o(.text)
    EXTI1_IRQHandler                         0x0800011b   Thumb Code     0  startup_stm32f103xb.o(.text)
    EXTI2_IRQHandler                         0x0800011b   Thumb Code     0  startup_stm32f103xb.o(.text)
    EXTI3_IRQHandler                         0x0800011b   Thumb Code     0  startup_stm32f103xb.o(.text)
    EXTI4_IRQHandler                         0x0800011b   Thumb Code     0  startup_stm32f103xb.o(.text)
    FLASH_IRQHandler                         0x0800011b   Thumb Code     0  startup_stm32f103xb.o(.text)
    I2C1_ER_IRQHandler                       0x0800011b   Thumb Code     0  startup_stm32f103xb.o(.text)
    I2C1_EV_IRQHandler                       0x0800011b   Thumb Code     0  startup_stm32f103xb.o(.text)
    I2C2_ER_IRQHandler                       0x0800011b   Thumb Code     0  startup_stm32f103xb.o(.text)
    I2C2_EV_IRQHandler                       0x0800011b   Thumb Code     0  startup_stm32f103xb.o(.text)
    PVD_IRQHandler                           0x0800011b   Thumb Code     0  startup_stm32f103xb.o(.text)
    RCC_IRQHandler                           0x0800011b   Thumb Code     0  startup_stm32f103xb.o(.text)
    RTC_Alarm_IRQHandler                     0x0800011b   Thumb Code     0  startup_stm32f103xb.o(.text)
    RTC_IRQHandler                           0x0800011b   Thumb Code     0  startup_stm32f103xb.o(.text)
    SPI1_IRQHandler                          0x0800011b   Thumb Code     0  startup_stm32f103xb.o(.text)
    SPI2_IRQHandler                          0x0800011b   Thumb Code     0  startup_stm32f103xb.o(.text)
    TAMPER_IRQHandler                        0x0800011b   Thumb Code     0  startup_stm32f103xb.o(.text)
    TIM1_BRK_IRQHandler                      0x0800011b   Thumb Code     0  startup_stm32f103xb.o(.text)
    TIM1_CC_IRQHandler                       0x0800011b   Thumb Code     0  startup_stm32f103xb.o(.text)
    TIM1_TRG_COM_IRQHandler                  0x0800011b   Thumb Code     0  startup_stm32f103xb.o(.text)
    TIM2_IRQHandler                          0x0800011b   Thumb Code     0  startup_stm32f103xb.o(.text)
    TIM3_IRQHandler                          0x0800011b   Thumb Code     0  startup_stm32f103xb.o(.text)
    TIM4_IRQHandler                          0x0800011b   Thumb Code     0  startup_stm32f103xb.o(.text)
    USART2_IRQHandler                        0x0800011b   Thumb Code     0  startup_stm32f103xb.o(.text)
    USART3_IRQHandler                        0x0800011b   Thumb Code     0  startup_stm32f103xb.o(.text)
    USBWakeUp_IRQHandler                     0x0800011b   Thumb Code     0  startup_stm32f103xb.o(.text)
    USB_HP_CAN1_TX_IRQHandler                0x0800011b   Thumb Code     0  startup_stm32f103xb.o(.text)
    WWDG_IRQHandler                          0x0800011b   Thumb Code     0  startup_stm32f103xb.o(.text)
    __aeabi_llsr                             0x08000125   Thumb Code    32  llushr.o(.text)
    _ll_ushift_r                             0x08000125   Thumb Code     0  llushr.o(.text)
    __aeabi_memcpy                           0x08000145   Thumb Code    36  memcpya.o(.text)
    __aeabi_memcpy4                          0x08000145   Thumb Code     0  memcpya.o(.text)
    __aeabi_memcpy8                          0x08000145   Thumb Code     0  memcpya.o(.text)
    __aeabi_memset                           0x08000169   Thumb Code    14  memseta.o(.text)
    __aeabi_memset4                          0x08000169   Thumb Code     0  memseta.o(.text)
    __aeabi_memset8                          0x08000169   Thumb Code     0  memseta.o(.text)
    __aeabi_memclr                           0x08000177   Thumb Code     4  memseta.o(.text)
    __aeabi_memclr4                          0x08000177   Thumb Code     0  memseta.o(.text)
    __aeabi_memclr8                          0x08000177   Thumb Code     0  memseta.o(.text)
    _memset$wrapper                          0x0800017b   Thumb Code    18  memseta.o(.text)
    strlen                                   0x0800018d   Thumb Code    14  strlen.o(.text)
    strncmp                                  0x0800019b   Thumb Code    30  strncmp.o(.text)
    strtol                                   0x080001b9   Thumb Code   112  strtol.o(.text)
    __aeabi_uldivmod                         0x08000229   Thumb Code    98  uldiv.o(.text)
    __rt_ctype_table                         0x0800028d   Thumb Code     4  ctype_o.o(.text)
    _strtoul                                 0x08000295   Thumb Code   158  _strtoul.o(.text)
    __scatterload                            0x08000335   Thumb Code    28  init.o(.text)
    __scatterload_rt2                        0x08000335   Thumb Code     0  init.o(.text)
    __aeabi_llsl                             0x08000359   Thumb Code    30  llshl.o(.text)
    _ll_shift_l                              0x08000359   Thumb Code     0  llshl.o(.text)
    _chval                                   0x08000377   Thumb Code    28  _chval.o(.text)
    __decompress                             0x08000393   Thumb Code     0  __dczerorl2.o(.text)
    __decompress1                            0x08000393   Thumb Code    86  __dczerorl2.o(.text)
    BusFault_Handler                         0x080003e9   Thumb Code     2  stm32f1xx_it.o(i.BusFault_Handler)
    CDC_Transmit_FS                          0x080004dd   Thumb Code    38  usbd_cdc_if.o(i.CDC_Transmit_FS)
    DebugMon_Handler                         0x08000509   Thumb Code     2  stm32f1xx_it.o(i.DebugMon_Handler)
    EXTI0_IRQHandler                         0x08000535   Thumb Code     6  stm32f1xx_it.o(i.EXTI0_IRQHandler)
    EXTI9_5_IRQHandler                       0x0800053b   Thumb Code     8  stm32f1xx_it.o(i.EXTI9_5_IRQHandler)
    Error_Handler                            0x08000543   Thumb Code     2  main.o(i.Error_Handler)
    HAL_CRC_Init                             0x08000545   Thumb Code    34  stm32f1xx_hal_crc.o(i.HAL_CRC_Init)
    HAL_CRC_MspInit                          0x08000569   Thumb Code    30  crc.o(i.HAL_CRC_MspInit)
    HAL_DMA_Abort_IT                         0x08000591   Thumb Code   148  stm32f1xx_hal_dma.o(i.HAL_DMA_Abort_IT)
    HAL_Delay                                0x08000629   Thumb Code    32  stm32f1xx_hal.o(i.HAL_Delay)
    HAL_GPIO_DeInit                          0x0800064d   Thumb Code   198  stm32f1xx_hal_gpio.o(i.HAL_GPIO_DeInit)
    HAL_GPIO_EXTI_Callback                   0x0800072d   Thumb Code     2  stm32f1xx_hal_gpio.o(i.HAL_GPIO_EXTI_Callback)
    HAL_GPIO_EXTI_IRQHandler                 0x08000731   Thumb Code    18  stm32f1xx_hal_gpio.o(i.HAL_GPIO_EXTI_IRQHandler)
    HAL_GPIO_Init                            0x08000749   Thumb Code   426  stm32f1xx_hal_gpio.o(i.HAL_GPIO_Init)
    HAL_GPIO_TogglePin                       0x08000915   Thumb Code    14  stm32f1xx_hal_gpio.o(i.HAL_GPIO_TogglePin)
    HAL_GPIO_WritePin                        0x08000923   Thumb Code    10  stm32f1xx_hal_gpio.o(i.HAL_GPIO_WritePin)
    HAL_GetTick                              0x0800092d   Thumb Code     6  stm32f1xx_hal.o(i.HAL_GetTick)
    HAL_I2C_GetError                         0x08000939   Thumb Code     4  stm32f1xx_hal_i2c.o(i.HAL_I2C_GetError)
    HAL_I2C_Init                             0x0800093d   Thumb Code   356  stm32f1xx_hal_i2c.o(i.HAL_I2C_Init)
    HAL_I2C_Master_Receive                   0x08000ab1   Thumb Code   512  stm32f1xx_hal_i2c.o(i.HAL_I2C_Master_Receive)
    HAL_I2C_Master_Transmit                  0x08000cbd   Thumb Code   290  stm32f1xx_hal_i2c.o(i.HAL_I2C_Master_Transmit)
    HAL_I2C_MspInit                          0x08000de9   Thumb Code    82  i2c.o(i.HAL_I2C_MspInit)
    HAL_IncTick                              0x08000e49   Thumb Code    12  stm32f1xx_hal.o(i.HAL_IncTick)
    HAL_Init                                 0x08000e59   Thumb Code    32  stm32f1xx_hal.o(i.HAL_Init)
    HAL_InitTick                             0x08000e7d   Thumb Code    54  stm32f1xx_hal.o(i.HAL_InitTick)
    HAL_MspInit                              0x08000ebd   Thumb Code    52  stm32f1xx_hal_msp.o(i.HAL_MspInit)
    HAL_NVIC_EnableIRQ                       0x08000ef9   Thumb Code    26  stm32f1xx_hal_cortex.o(i.HAL_NVIC_EnableIRQ)
    HAL_NVIC_SetPriority                     0x08000f15   Thumb Code    60  stm32f1xx_hal_cortex.o(i.HAL_NVIC_SetPriority)
    HAL_NVIC_SetPriorityGrouping             0x08000f55   Thumb Code    26  stm32f1xx_hal_cortex.o(i.HAL_NVIC_SetPriorityGrouping)
    HAL_PCDEx_PMAConfig                      0x08000f79   Thumb Code    52  stm32f1xx_hal_pcd_ex.o(i.HAL_PCDEx_PMAConfig)
    HAL_PCDEx_SetConnectionState             0x08000fad   Thumb Code     2  usbd_conf.o(i.HAL_PCDEx_SetConnectionState)
    HAL_PCD_DataInStageCallback              0x08000faf   Thumb Code    14  usbd_conf.o(i.HAL_PCD_DataInStageCallback)
    HAL_PCD_DataOutStageCallback             0x08000fbd   Thumb Code    16  usbd_conf.o(i.HAL_PCD_DataOutStageCallback)
    HAL_PCD_EP_Close                         0x08000fcd   Thumb Code    72  stm32f1xx_hal_pcd.o(i.HAL_PCD_EP_Close)
    HAL_PCD_EP_ClrStall                      0x08001015   Thumb Code    88  stm32f1xx_hal_pcd.o(i.HAL_PCD_EP_ClrStall)
    HAL_PCD_EP_GetRxCount                    0x0800106d   Thumb Code    14  stm32f1xx_hal_pcd.o(i.HAL_PCD_EP_GetRxCount)
    HAL_PCD_EP_Open                          0x0800107b   Thumb Code    92  stm32f1xx_hal_pcd.o(i.HAL_PCD_EP_Open)
    HAL_PCD_EP_Receive                       0x080010d7   Thumb Code    46  stm32f1xx_hal_pcd.o(i.HAL_PCD_EP_Receive)
    HAL_PCD_EP_SetStall                      0x08001105   Thumb Code   106  stm32f1xx_hal_pcd.o(i.HAL_PCD_EP_SetStall)
    HAL_PCD_EP_Transmit                      0x0800116f   Thumb Code    42  stm32f1xx_hal_pcd.o(i.HAL_PCD_EP_Transmit)
    HAL_PCD_IRQHandler                       0x08001199   Thumb Code   278  stm32f1xx_hal_pcd.o(i.HAL_PCD_IRQHandler)
    HAL_PCD_Init                             0x080012af   Thumb Code   208  stm32f1xx_hal_pcd.o(i.HAL_PCD_Init)
    HAL_PCD_MspInit                          0x08001381   Thumb Code    50  usbd_conf.o(i.HAL_PCD_MspInit)
    HAL_PCD_ResetCallback                    0x080013bd   Thumb Code    38  usbd_conf.o(i.HAL_PCD_ResetCallback)
    HAL_PCD_ResumeCallback                   0x080013e3   Thumb Code     8  usbd_conf.o(i.HAL_PCD_ResumeCallback)
    HAL_PCD_SOFCallback                      0x080013eb   Thumb Code     8  usbd_conf.o(i.HAL_PCD_SOFCallback)
    HAL_PCD_SetAddress                       0x080013f3   Thumb Code    40  stm32f1xx_hal_pcd.o(i.HAL_PCD_SetAddress)
    HAL_PCD_SetupStageCallback               0x0800141b   Thumb Code    14  usbd_conf.o(i.HAL_PCD_SetupStageCallback)
    HAL_PCD_Start                            0x08001429   Thumb Code    50  stm32f1xx_hal_pcd.o(i.HAL_PCD_Start)
    HAL_PCD_SuspendCallback                  0x0800145d   Thumb Code    30  usbd_conf.o(i.HAL_PCD_SuspendCallback)
    HAL_RCCEx_PeriphCLKConfig                0x08001481   Thumb Code   220  stm32f1xx_hal_rcc_ex.o(i.HAL_RCCEx_PeriphCLKConfig)
    HAL_RCC_ClockConfig                      0x08001569   Thumb Code   292  stm32f1xx_hal_rcc.o(i.HAL_RCC_ClockConfig)
    HAL_RCC_GetPCLK1Freq                     0x080016a1   Thumb Code    20  stm32f1xx_hal_rcc.o(i.HAL_RCC_GetPCLK1Freq)
    HAL_RCC_GetPCLK2Freq                     0x080016c1   Thumb Code    20  stm32f1xx_hal_rcc.o(i.HAL_RCC_GetPCLK2Freq)
    HAL_RCC_GetSysClockFreq                  0x080016e1   Thumb Code    74  stm32f1xx_hal_rcc.o(i.HAL_RCC_GetSysClockFreq)
    HAL_RCC_OscConfig                        0x0800174d   Thumb Code   770  stm32f1xx_hal_rcc.o(i.HAL_RCC_OscConfig)
    HAL_SPI_Init                             0x08001a65   Thumb Code   124  stm32f1xx_hal_spi.o(i.HAL_SPI_Init)
    HAL_SPI_MspInit                          0x08001ae1   Thumb Code    98  spi.o(i.HAL_SPI_MspInit)
    HAL_SPI_Transmit                         0x08001b51   Thumb Code   350  stm32f1xx_hal_spi.o(i.HAL_SPI_Transmit)
    HAL_SPI_TransmitReceive                  0x08001caf   Thumb Code   474  stm32f1xx_hal_spi.o(i.HAL_SPI_TransmitReceive)
    HAL_SYSTICK_Config                       0x08001e89   Thumb Code    40  stm32f1xx_hal_cortex.o(i.HAL_SYSTICK_Config)
    HAL_TIMEx_BreakCallback                  0x08001eb1   Thumb Code     2  stm32f1xx_hal_tim_ex.o(i.HAL_TIMEx_BreakCallback)
    HAL_TIMEx_CommutCallback                 0x08001eb3   Thumb Code     2  stm32f1xx_hal_tim_ex.o(i.HAL_TIMEx_CommutCallback)
    HAL_TIMEx_MasterConfigSynchronization    0x08001eb5   Thumb Code    66  stm32f1xx_hal_tim_ex.o(i.HAL_TIMEx_MasterConfigSynchronization)
    HAL_TIM_Base_Init                        0x08001ef7   Thumb Code    54  stm32f1xx_hal_tim.o(i.HAL_TIM_Base_Init)
    HAL_TIM_Base_MspInit                     0x08001f2d   Thumb Code    50  tim.o(i.HAL_TIM_Base_MspInit)
    HAL_TIM_Base_Start_IT                    0x08001f69   Thumb Code    34  stm32f1xx_hal_tim.o(i.HAL_TIM_Base_Start_IT)
    HAL_TIM_ConfigClockSource                0x08001f8b   Thumb Code   214  stm32f1xx_hal_tim.o(i.HAL_TIM_ConfigClockSource)
    HAL_TIM_IC_CaptureCallback               0x08002061   Thumb Code     2  stm32f1xx_hal_tim.o(i.HAL_TIM_IC_CaptureCallback)
    HAL_TIM_IRQHandler                       0x08002063   Thumb Code   358  stm32f1xx_hal_tim.o(i.HAL_TIM_IRQHandler)
    HAL_TIM_OC_DelayElapsedCallback          0x080021c9   Thumb Code     2  stm32f1xx_hal_tim.o(i.HAL_TIM_OC_DelayElapsedCallback)
    HAL_TIM_PWM_PulseFinishedCallback        0x080021cb   Thumb Code     2  stm32f1xx_hal_tim.o(i.HAL_TIM_PWM_PulseFinishedCallback)
    HAL_TIM_PeriodElapsedCallback            0x080021cd   Thumb Code     2  stm32f1xx_hal_tim.o(i.HAL_TIM_PeriodElapsedCallback)
    HAL_TIM_TriggerCallback                  0x080021cf   Thumb Code     2  stm32f1xx_hal_tim.o(i.HAL_TIM_TriggerCallback)
    HAL_UART_ErrorCallback                   0x080021d1   Thumb Code     2  stm32f1xx_hal_uart.o(i.HAL_UART_ErrorCallback)
    HAL_UART_IRQHandler                      0x080021d5   Thumb Code   266  stm32f1xx_hal_uart.o(i.HAL_UART_IRQHandler)
    HAL_UART_Init                            0x080022e5   Thumb Code    98  stm32f1xx_hal_uart.o(i.HAL_UART_Init)
    HAL_UART_MspInit                         0x08002349   Thumb Code   116  usart.o(i.HAL_UART_MspInit)
    HAL_UART_Receive_IT                      0x080023c9   Thumb Code    82  stm32f1xx_hal_uart.o(i.HAL_UART_Receive_IT)
    HAL_UART_RxCpltCallback                  0x0800241d   Thumb Code   144  usart.o(i.HAL_UART_RxCpltCallback)
    HAL_UART_Transmit                        0x080024bd   Thumb Code   186  stm32f1xx_hal_uart.o(i.HAL_UART_Transmit)
    HAL_UART_TxCpltCallback                  0x08002577   Thumb Code     2  stm32f1xx_hal_uart.o(i.HAL_UART_TxCpltCallback)
    HW_CRC32                                 0x08002579   Thumb Code   144  hw_crc32.o(i.HW_CRC32)
    HardFault_Handler                        0x0800260d   Thumb Code     2  stm32f1xx_it.o(i.HardFault_Handler)
    ITM_SendChar                             0x0800299d   Thumb Code    32  retarget_io.o(i.ITM_SendChar)
    MX_CRC_Init                              0x080029f9   Thumb Code    28  crc.o(i.MX_CRC_Init)
    MX_GPIO_Init                             0x08002a1d   Thumb Code   240  gpio.o(i.MX_GPIO_Init)
    MX_I2C2_Init                             0x08002b21   Thumb Code    50  i2c.o(i.MX_I2C2_Init)
    MX_SPI1_Init                             0x08002b61   Thumb Code    62  spi.o(i.MX_SPI1_Init)
    MX_TIM1_Init                             0x08002ba9   Thumb Code    96  tim.o(i.MX_TIM1_Init)
    MX_USART1_UART_Init                      0x08002c11   Thumb Code    48  usart.o(i.MX_USART1_UART_Init)
    MX_USB_DEVICE_Init                       0x08002c49   Thumb Code    66  usb_device.o(i.MX_USB_DEVICE_Init)
    MemManage_Handler                        0x08002c9d   Thumb Code     2  stm32f1xx_it.o(i.MemManage_Handler)
    NMI_Handler                              0x08002c9f   Thumb Code     2  stm32f1xx_it.o(i.NMI_Handler)
    PendSV_Handler                           0x08002f51   Thumb Code     2  stm32f1xx_it.o(i.PendSV_Handler)
    SVC_Handler                              0x08003007   Thumb Code     2  stm32f1xx_it.o(i.SVC_Handler)
    SX1278_Get_State                         0x08003009   Thumb Code   584  sx1278.o(i.SX1278_Get_State)
    SX1278_LoRaEntryRx                       0x08003351   Thumb Code   128  sx1278.o(i.SX1278_LoRaEntryRx)
    SX1278_LoRaEntryTx                       0x080033d5   Thumb Code   106  sx1278.o(i.SX1278_LoRaEntryTx)
    SX1278_LoRaTxPacket                      0x08003445   Thumb Code    68  sx1278.o(i.SX1278_LoRaTxPacket)
    SX1278_RX_Mode                           0x0800348d   Thumb Code    34  sx1278.o(i.SX1278_RX_Mode)
    SX1278_SPIBurstWrite                     0x080034b1   Thumb Code   100  sx1278.o(i.SX1278_SPIBurstWrite)
    SX1278_SPIReadReg                        0x08003525   Thumb Code    74  sx1278.o(i.SX1278_SPIReadReg)
    SX1278_SPIWriteReg                       0x08003579   Thumb Code    66  sx1278.o(i.SX1278_SPIWriteReg)
    SX1278_clearIrq                          0x080035c5   Thumb Code     8  sx1278.o(i.SX1278_clearIrq)
    SX1278_config                            0x080035cd   Thumb Code   226  sx1278.o(i.SX1278_config)
    SX1278_defaultConfig                     0x080036bd   Thumb Code    14  sx1278.o(i.SX1278_defaultConfig)
    SX1278_entryLoRa                         0x080036d1   Thumb Code     8  sx1278.o(i.SX1278_entryLoRa)
    SX1278_init                              0x080036d9   Thumb Code    52  sx1278.o(i.SX1278_init)
    SX1278_reset                             0x08003715   Thumb Code    50  sx1278.o(i.SX1278_reset)
    SX1278_sleep                             0x08003751   Thumb Code    18  sx1278.o(i.SX1278_sleep)
    SX1278_standby                           0x08003769   Thumb Code    18  sx1278.o(i.SX1278_standby)
    SX1278_transmit                          0x08003781   Thumb Code    36  sx1278.o(i.SX1278_transmit)
    SysTick_Handler                          0x080037a5   Thumb Code     4  stm32f1xx_it.o(i.SysTick_Handler)
    SystemClock_Config                       0x080037a9   Thumb Code   112  main.o(i.SystemClock_Config)
    SystemInit                               0x08003819   Thumb Code    56  system_stm32f1xx.o(i.SystemInit)
    TIM1_UP_IRQHandler                       0x08003861   Thumb Code    22  stm32f1xx_it.o(i.TIM1_UP_IRQHandler)
    TIM_Base_SetConfig                       0x08003885   Thumb Code    94  stm32f1xx_hal_tim.o(i.TIM_Base_SetConfig)
    TIM_ETR_SetConfig                        0x080038f1   Thumb Code    20  stm32f1xx_hal_tim.o(i.TIM_ETR_SetConfig)
    USART1_IRQHandler                        0x08003b99   Thumb Code     6  stm32f1xx_it.o(i.USART1_IRQHandler)
    USBD_CDC_GetDeviceQualifierDescriptor    0x08003c81   Thumb Code     8  usbd_cdc.o(i.USBD_CDC_GetDeviceQualifierDescriptor)
    USBD_CDC_ReceivePacket                   0x08003d45   Thumb Code    40  usbd_cdc.o(i.USBD_CDC_ReceivePacket)
    USBD_CDC_RegisterInterface               0x08003d6d   Thumb Code    16  usbd_cdc.o(i.USBD_CDC_RegisterInterface)
    USBD_CDC_SetRxBuffer                     0x08003d7d   Thumb Code    12  usbd_cdc.o(i.USBD_CDC_SetRxBuffer)
    USBD_CDC_SetTxBuffer                     0x08003d89   Thumb Code    16  usbd_cdc.o(i.USBD_CDC_SetTxBuffer)
    USBD_CDC_TransmitPacket                  0x08003e45   Thumb Code    54  usbd_cdc.o(i.USBD_CDC_TransmitPacket)
    USBD_ClrClassConfig                      0x08003e7b   Thumb Code    14  usbd_core.o(i.USBD_ClrClassConfig)
    USBD_CtlContinueRx                       0x08003e89   Thumb Code    16  usbd_ioreq.o(i.USBD_CtlContinueRx)
    USBD_CtlContinueSendData                 0x08003e99   Thumb Code    16  usbd_ioreq.o(i.USBD_CtlContinueSendData)
    USBD_CtlError                            0x08003ea9   Thumb Code    22  usbd_ctlreq.o(i.USBD_CtlError)
    USBD_CtlPrepareRx                        0x08003ebf   Thumb Code    30  usbd_ioreq.o(i.USBD_CtlPrepareRx)
    USBD_CtlReceiveStatus                    0x08003edd   Thumb Code    22  usbd_ioreq.o(i.USBD_CtlReceiveStatus)
    USBD_CtlSendData                         0x08003ef3   Thumb Code    26  usbd_ioreq.o(i.USBD_CtlSendData)
    USBD_CtlSendStatus                       0x08003f0d   Thumb Code    22  usbd_ioreq.o(i.USBD_CtlSendStatus)
    USBD_FS_ConfigStrDescriptor              0x08003f25   Thumb Code    16  usbd_desc.o(i.USBD_FS_ConfigStrDescriptor)
    USBD_FS_DeviceDescriptor                 0x08003f45   Thumb Code     8  usbd_desc.o(i.USBD_FS_DeviceDescriptor)
    USBD_FS_InterfaceStrDescriptor           0x08003f51   Thumb Code    16  usbd_desc.o(i.USBD_FS_InterfaceStrDescriptor)
    USBD_FS_LangIDStrDescriptor              0x08003f75   Thumb Code     8  usbd_desc.o(i.USBD_FS_LangIDStrDescriptor)
    USBD_FS_ManufacturerStrDescriptor        0x08003f81   Thumb Code    16  usbd_desc.o(i.USBD_FS_ManufacturerStrDescriptor)
    USBD_FS_ProductStrDescriptor             0x08003fa9   Thumb Code    16  usbd_desc.o(i.USBD_FS_ProductStrDescriptor)
    USBD_FS_SerialStrDescriptor              0x08003fd5   Thumb Code    48  usbd_desc.o(i.USBD_FS_SerialStrDescriptor)
    USBD_GetString                           0x080040f5   Thumb Code    72  usbd_ctlreq.o(i.USBD_GetString)
    USBD_Init                                0x08004155   Thumb Code    42  usbd_core.o(i.USBD_Init)
    USBD_LL_ClearStallEP                     0x0800417f   Thumb Code    18  usbd_conf.o(i.USBD_LL_ClearStallEP)
    USBD_LL_CloseEP                          0x08004191   Thumb Code    18  usbd_conf.o(i.USBD_LL_CloseEP)
    USBD_LL_DataInStage                      0x080041a3   Thumb Code   198  usbd_core.o(i.USBD_LL_DataInStage)
    USBD_LL_DataOutStage                     0x08004269   Thumb Code   130  usbd_core.o(i.USBD_LL_DataOutStage)
    USBD_LL_GetRxDataSize                    0x080042eb   Thumb Code     8  usbd_conf.o(i.USBD_LL_GetRxDataSize)
    USBD_LL_Init                             0x080042f5   Thumb Code   118  usbd_conf.o(i.USBD_LL_Init)
    USBD_LL_IsStallEP                        0x08004375   Thumb Code    28  usbd_conf.o(i.USBD_LL_IsStallEP)
    USBD_LL_OpenEP                           0x08004391   Thumb Code    24  usbd_conf.o(i.USBD_LL_OpenEP)
    USBD_LL_PrepareReceive                   0x080043a9   Thumb Code    18  usbd_conf.o(i.USBD_LL_PrepareReceive)
    USBD_LL_Reset                            0x080043bb   Thumb Code    80  usbd_core.o(i.USBD_LL_Reset)
    USBD_LL_Resume                           0x0800440b   Thumb Code    20  usbd_core.o(i.USBD_LL_Resume)
    USBD_LL_SOF                              0x0800441f   Thumb Code    24  usbd_core.o(i.USBD_LL_SOF)
    USBD_LL_SetSpeed                         0x08004437   Thumb Code     6  usbd_core.o(i.USBD_LL_SetSpeed)
    USBD_LL_SetUSBAddress                    0x0800443d   Thumb Code    18  usbd_conf.o(i.USBD_LL_SetUSBAddress)
    USBD_LL_SetupStage                       0x0800444f   Thumb Code    90  usbd_core.o(i.USBD_LL_SetupStage)
    USBD_LL_StallEP                          0x080044a9   Thumb Code    18  usbd_conf.o(i.USBD_LL_StallEP)
    USBD_LL_Start                            0x080044bb   Thumb Code    18  usbd_conf.o(i.USBD_LL_Start)
    USBD_LL_Suspend                          0x080044cd   Thumb Code    18  usbd_core.o(i.USBD_LL_Suspend)
    USBD_LL_Transmit                         0x080044df   Thumb Code    18  usbd_conf.o(i.USBD_LL_Transmit)
    USBD_ParseSetupRequest                   0x080044f1   Thumb Code    40  usbd_ctlreq.o(i.USBD_ParseSetupRequest)
    USBD_RegisterClass                       0x08004519   Thumb Code    16  usbd_core.o(i.USBD_RegisterClass)
    USBD_SetClassConfig                      0x08004529   Thumb Code    22  usbd_core.o(i.USBD_SetClassConfig)
    USBD_Start                               0x080045c5   Thumb Code    10  usbd_core.o(i.USBD_Start)
    USBD_StdDevReq                           0x080045cf   Thumb Code   274  usbd_ctlreq.o(i.USBD_StdDevReq)
    USBD_StdEPReq                            0x080046e1   Thumb Code   336  usbd_ctlreq.o(i.USBD_StdEPReq)
    USBD_StdItfReq                           0x08004831   Thumb Code    78  usbd_ctlreq.o(i.USBD_StdItfReq)
    USBD_static_free                         0x0800487f   Thumb Code     2  usbd_conf.o(i.USBD_static_free)
    USBD_static_malloc                       0x08004881   Thumb Code     4  usbd_conf.o(i.USBD_static_malloc)
    USB_ActivateEndpoint                     0x08004889   Thumb Code   656  stm32f1xx_ll_usb.o(i.USB_ActivateEndpoint)
    USB_CoreInit                             0x08004b19   Thumb Code     4  stm32f1xx_ll_usb.o(i.USB_CoreInit)
    USB_DeactivateEndpoint                   0x08004b1d   Thumb Code   272  stm32f1xx_ll_usb.o(i.USB_DeactivateEndpoint)
    USB_DevConnect                           0x08004c2d   Thumb Code     4  stm32f1xx_ll_usb.o(i.USB_DevConnect)
    USB_DevDisconnect                        0x08004c31   Thumb Code     4  stm32f1xx_ll_usb.o(i.USB_DevDisconnect)
    USB_DevInit                              0x08004c35   Thumb Code    30  stm32f1xx_ll_usb.o(i.USB_DevInit)
    USB_DisableGlobalInt                     0x08004c53   Thumb Code    14  stm32f1xx_ll_usb.o(i.USB_DisableGlobalInt)
    USB_EP0_OutStart                         0x08004c61   Thumb Code     4  stm32f1xx_ll_usb.o(i.USB_EP0_OutStart)
    USB_EPClearStall                         0x08004c65   Thumb Code   116  stm32f1xx_ll_usb.o(i.USB_EPClearStall)
    USB_EPSetStall                           0x08004cd9   Thumb Code    50  stm32f1xx_ll_usb.o(i.USB_EPSetStall)
    USB_EPStartXfer                          0x08004d0b   Thumb Code   412  stm32f1xx_ll_usb.o(i.USB_EPStartXfer)
    USB_EnableGlobalInt                      0x08004ea7   Thumb Code    14  stm32f1xx_ll_usb.o(i.USB_EnableGlobalInt)
    USB_LP_CAN1_RX0_IRQHandler               0x08004eb5   Thumb Code     6  stm32f1xx_it.o(i.USB_LP_CAN1_RX0_IRQHandler)
    USB_ReadInterrupts                       0x08004ec1   Thumb Code     6  stm32f1xx_ll_usb.o(i.USB_ReadInterrupts)
    USB_ReadPMA                              0x08004ec7   Thumb Code    42  stm32f1xx_ll_usb.o(i.USB_ReadPMA)
    USB_SetCurrentMode                       0x08004ef1   Thumb Code     4  stm32f1xx_ll_usb.o(i.USB_SetCurrentMode)
    USB_SetDevAddress                        0x08004ef5   Thumb Code    12  stm32f1xx_ll_usb.o(i.USB_SetDevAddress)
    USB_WritePMA                             0x08004f01   Thumb Code    38  stm32f1xx_ll_usb.o(i.USB_WritePMA)
    UsageFault_Handler                       0x08004f27   Thumb Code     2  stm32f1xx_it.o(i.UsageFault_Handler)
    WL_Check_Addr                            0x08004f29   Thumb Code   316  wireless_ctrl.o(i.WL_Check_Addr)
    WL_Check_Packet                          0x08005109   Thumb Code   384  wireless_ctrl.o(i.WL_Check_Packet)
    WL_Get_Var                               0x080052f1   Thumb Code    36  wireless_ctrl.o(i.WL_Get_Var)
    WL_Handler                               0x0800531d   Thumb Code   208  wireless_ctrl.o(i.WL_Handler)
    WL_Run_CMD                               0x08005429   Thumb Code    40  wireless_ctrl.o(i.WL_Run_CMD)
    WL_Send_Packet                           0x08005455   Thumb Code   230  wireless_ctrl.o(i.WL_Send_Packet)
    WL_Set_Var                               0x080055ad   Thumb Code     4  wireless_ctrl.o(i.WL_Set_Var)
    __0printf$8                              0x080055b1   Thumb Code    22  printf8.o(i.__0printf$8)
    __1printf$8                              0x080055b1   Thumb Code     0  printf8.o(i.__0printf$8)
    __2printf                                0x080055b1   Thumb Code     0  printf8.o(i.__0printf$8)
    __0sprintf$8                             0x080055d1   Thumb Code    34  printf8.o(i.__0sprintf$8)
    __1sprintf$8                             0x080055d1   Thumb Code     0  printf8.o(i.__0sprintf$8)
    __2sprintf                               0x080055d1   Thumb Code     0  printf8.o(i.__0sprintf$8)
    __aeabi_errno_addr                       0x08005619   Thumb Code     4  errno.o(i.__aeabi_errno_addr)
    __rt_errno_addr                          0x08005619   Thumb Code     0  errno.o(i.__aeabi_errno_addr)
    __scatterload_copy                       0x08005621   Thumb Code    14  handlers.o(i.__scatterload_copy)
    __scatterload_null                       0x0800562f   Thumb Code     2  handlers.o(i.__scatterload_null)
    __scatterload_zeroinit                   0x08005631   Thumb Code    14  handlers.o(i.__scatterload_zeroinit)
    ds18b20_Convert_int8                     0x08005aad   Thumb Code    20  ds18b20.o(i.ds18b20_Convert_int8)
    ds18b20_GetTemp                          0x08005ac5   Thumb Code    36  ds18b20.o(i.ds18b20_GetTemp)
    ds18b20_Init                             0x08005ae9   Thumb Code    58  ds18b20.o(i.ds18b20_Init)
    ds18b20_MeasureTemperCmd                 0x08005b23   Thumb Code    28  ds18b20.o(i.ds18b20_MeasureTemperCmd)
    ds18b20_ReadBit                          0x08005b41   Thumb Code    50  ds18b20.o(i.ds18b20_ReadBit)
    ds18b20_ReadByte                         0x08005b79   Thumb Code    28  ds18b20.o(i.ds18b20_ReadByte)
    ds18b20_ReadStratcpad                    0x08005b95   Thumb Code    46  ds18b20.o(i.ds18b20_ReadStratcpad)
    ds18b20_Reset                            0x08005bc9   Thumb Code    60  ds18b20.o(i.ds18b20_Reset)
    ds18b20_WriteBit                         0x08005c09   Thumb Code    50  ds18b20.o(i.ds18b20_WriteBit)
    ds18b20_WriteByte                        0x08005c41   Thumb Code    34  ds18b20.o(i.ds18b20_WriteByte)
    fputc                                    0x08005c65   Thumb Code    22  retarget_io.o(i.fputc)
    main                                     0x08005c85   Thumb Code   400  main.o(i.main)
    parseCommand                             0x08005e59   Thumb Code  1856  uart_cmd_parser.o(i.parseCommand)
    port_init                                0x08006645   Thumb Code    42  ds18b20.o(i.port_init)
    print_pack_info                          0x08006675   Thumb Code   306  wireless_ctrl.o(i.print_pack_info)
    str_to_int32                             0x08006829   Thumb Code    30  uart_cmd_parser.o(i.str_to_int32)
    uartInit                                 0x08006849   Thumb Code  1656  uart_cmd_parser.o(i.uartInit)
    AHBPrescTable                            0x0800700b   Data          16  system_stm32f1xx.o(.constdata)
    APBPrescTable                            0x0800701b   Data           8  system_stm32f1xx.o(.constdata)
    __ctype_table                            0x08007023   Data         129  ctype_o.o(.constdata)
    Region$$Table$$Base                      0x08007300   Number         0  anon$$obj.o(Region$$Table)
    Region$$Table$$Limit                     0x08007320   Number         0  anon$$obj.o(Region$$Table)
    DS_TEMP                                  0x20000000   Data           1  ds18b20.o(.data)
    DS_SCRATCHPAD                            0x20000001   Data           8  ds18b20.o(.data)
    dbg_f                                    0x2000000c   Data           1  wireless_ctrl.o(.data)
    rx_handler                               0x2000000d   Data           1  wireless_ctrl.o(.data)
    ds_init_state                            0x2000000e   Data           1  wireless_ctrl.o(.data)
    WL_ADDR                                  0x20000010   Data           8  wireless_ctrl.o(.data)
    packet_handler_timer                     0x2000004c   Data           2  wireless_ctrl.o(.data)
    ds_check_timer                           0x2000004e   Data           2  wireless_ctrl.o(.data)
    SX1278_DBG_PRINT_F                       0x20000050   Data           1  sx1278.o(.data)
    dt_reg                                   0x20000051   Data           1  sx1278.o(.data)
    hcrc                                     0x2000014c   Data           8  crc.o(.data)
    receive_val                              0x20000154   Data           1  usart.o(.data)
    uart1_rx_flag                            0x20000155   Data           1  usart.o(.data)
    FS_Desc                                  0x2000015c   Data          28  usbd_desc.o(.data)
    USBD_LangIDDesc                          0x20000178   Data           4  usbd_desc.o(.data)
    USBD_FS_DeviceDesc                       0x2000017c   Data          18  usbd_desc.o(.data)
    USBD_StringSerial                        0x20000190   Data          26  usbd_desc.o(.data)
    vcp_rx_flag                              0x200001aa   Data           1  usbd_cdc_if.o(.data)
    USBD_Interface_fops_FS                   0x200001b0   Data          16  usbd_cdc_if.o(.data)
    uwTickFreq                               0x200001c0   Data           1  stm32f1xx_hal.o(.data)
    uwTickPrio                               0x200001c4   Data           4  stm32f1xx_hal.o(.data)
    uwTick                                   0x200001c8   Data           4  stm32f1xx_hal.o(.data)
    SystemCoreClock                          0x200001cc   Data           4  system_stm32f1xx.o(.data)
    USBD_CDC_CfgHSDesc                       0x200001e0   Data          67  usbd_cdc.o(.data)
    USBD_CDC_CfgFSDesc                       0x20000224   Data          67  usbd_cdc.o(.data)
    USBD_CDC_OtherSpeedCfgDesc               0x20000268   Data          67  usbd_cdc.o(.data)
    USBD_CDC                                 0x200002ac   Data          56  usbd_cdc.o(.data)
    __stdout                                 0x200002e4   Data           4  stdout.o(.data)
    __stderr                                 0x200002e8   Data           4  stderr.o(.data)
    RX_packet                                0x200002f0   Data          20  wireless_ctrl.o(.bss)
    str                                      0x20000304   Data          64  wireless_ctrl.o(.bss)
    SX1278                                   0x20000344   Data         266  sx1278.o(.bss)
    dbg_str                                  0x2000044e   Data          64  sx1278.o(.bss)
    hi2c2                                    0x20000490   Data          84  i2c.o(.bss)
    hspi1                                    0x200004e4   Data          88  spi.o(.bss)
    htim1                                    0x2000053c   Data          64  tim.o(.bss)
    uart_csi_buf                             0x2000057c   Data          16  usart.o(.bss)
    uart_rx_buf                              0x2000058c   Data          64  usart.o(.bss)
    huart1                                   0x200005cc   Data          64  usart.o(.bss)
    hUsbDeviceFS                             0x2000060c   Data         708  usb_device.o(.bss)
    hpcd_USB_FS                              0x20000af0   Data         620  usbd_conf.o(.bss)
    USBD_StrDesc                             0x20000d5c   Data         256  usbd_desc.o(.bss)
    vcp_csi_buf                              0x20000e5c   Data          16  usbd_cdc_if.o(.bss)
    vcp_rx_buf                               0x20000e6c   Data          64  usbd_cdc_if.o(.bss)
    UserRxBufferFS                           0x20000eac   Data          64  usbd_cdc_if.o(.bss)
    UserTxBufferFS                           0x20000eec   Data          64  usbd_cdc_if.o(.bss)
    __initial_sp                             0x20001730   Data           0  startup_stm32f103xb.o(STACK)



==============================================================================

Memory Map of the image

  Image Entry point : 0x080000ed

  Load Region LR_IROM1 (Base: 0x08000000, Size: 0x00007610, Max: 0x00010000, ABSOLUTE, COMPRESSED[0x00007478])

    Execution Region ER_IROM1 (Exec base: 0x08000000, Load base: 0x08000000, Size: 0x00007320, Max: 0x00010000, ABSOLUTE)

    Exec Addr    Load Addr    Size         Type   Attr      Idx    E Section Name        Object

    0x08000000   0x08000000   0x000000ec   Data   RO            3    RESET               startup_stm32f103xb.o
    0x080000ec   0x080000ec   0x00000000   Code   RO         5441  * .ARM.Collect$$$$00000000  mc_w.l(entry.o)
    0x080000ec   0x080000ec   0x00000004   Code   RO         5726    .ARM.Collect$$$$00000001  mc_w.l(entry2.o)
    0x080000f0   0x080000f0   0x00000004   Code   RO         5729    .ARM.Collect$$$$00000004  mc_w.l(entry5.o)
    0x080000f4   0x080000f4   0x00000000   Code   RO         5731    .ARM.Collect$$$$00000008  mc_w.l(entry7b.o)
    0x080000f4   0x080000f4   0x00000000   Code   RO         5733    .ARM.Collect$$$$0000000A  mc_w.l(entry8b.o)
    0x080000f4   0x080000f4   0x00000008   Code   RO         5734    .ARM.Collect$$$$0000000B  mc_w.l(entry9a.o)
    0x080000fc   0x080000fc   0x00000000   Code   RO         5736    .ARM.Collect$$$$0000000D  mc_w.l(entry10a.o)
    0x080000fc   0x080000fc   0x00000000   Code   RO         5738    .ARM.Collect$$$$0000000F  mc_w.l(entry11a.o)
    0x080000fc   0x080000fc   0x00000004   Code   RO         5727    .ARM.Collect$$$$00002712  mc_w.l(entry2.o)
    0x08000100   0x08000100   0x00000024   Code   RO            4    .text               startup_stm32f103xb.o
    0x08000124   0x08000124   0x00000020   Code   RO         5451    .text               mc_w.l(llushr.o)
    0x08000144   0x08000144   0x00000024   Code   RO         5453    .text               mc_w.l(memcpya.o)
    0x08000168   0x08000168   0x00000024   Code   RO         5455    .text               mc_w.l(memseta.o)
    0x0800018c   0x0800018c   0x0000000e   Code   RO         5457    .text               mc_w.l(strlen.o)
    0x0800019a   0x0800019a   0x0000001e   Code   RO         5459    .text               mc_w.l(strncmp.o)
    0x080001b8   0x080001b8   0x00000070   Code   RO         5724    .text               mc_w.l(strtol.o)
    0x08000228   0x08000228   0x00000062   Code   RO         5742    .text               mc_w.l(uldiv.o)
    0x0800028a   0x0800028a   0x00000002   PAD
    0x0800028c   0x0800028c   0x00000008   Code   RO         5744    .text               mc_w.l(ctype_o.o)
    0x08000294   0x08000294   0x0000009e   Code   RO         5779    .text               mc_w.l(_strtoul.o)
    0x08000332   0x08000332   0x00000002   PAD
    0x08000334   0x08000334   0x00000024   Code   RO         5792    .text               mc_w.l(init.o)
    0x08000358   0x08000358   0x0000001e   Code   RO         5794    .text               mc_w.l(llshl.o)
    0x08000376   0x08000376   0x0000001c   Code   RO         5798    .text               mc_w.l(_chval.o)
    0x08000392   0x08000392   0x00000056   Code   RO         5810    .text               mc_w.l(__dczerorl2.o)
    0x080003e8   0x080003e8   0x00000002   Code   RO         1314    i.BusFault_Handler  stm32f1xx_it.o
    0x080003ea   0x080003ea   0x00000028   Code   RO         1262    i.CDC_Control_FS    usbd_cdc_if.o
    0x08000412   0x08000412   0x00000004   Code   RO         1263    i.CDC_DeInit_FS     usbd_cdc_if.o
    0x08000416   0x08000416   0x00000002   PAD
    0x08000418   0x08000418   0x00000024   Code   RO         1264    i.CDC_Init_FS       usbd_cdc_if.o
    0x0800043c   0x0800043c   0x000000a0   Code   RO         1265    i.CDC_Receive_FS    usbd_cdc_if.o
    0x080004dc   0x080004dc   0x0000002c   Code   RO         1266    i.CDC_Transmit_FS   usbd_cdc_if.o
    0x08000508   0x08000508   0x00000002   Code   RO         1315    i.DebugMon_Handler  stm32f1xx_it.o
    0x0800050a   0x0800050a   0x00000002   PAD
    0x0800050c   0x0800050c   0x00000028   Code   RO           13    i.DelayMicro        ds18b20.o
    0x08000534   0x08000534   0x00000006   Code   RO         1316    i.EXTI0_IRQHandler  stm32f1xx_it.o
    0x0800053a   0x0800053a   0x00000008   Code   RO         1317    i.EXTI9_5_IRQHandler  stm32f1xx_it.o
    0x08000542   0x08000542   0x00000002   Code   RO          617    i.Error_Handler     main.o
    0x08000544   0x08000544   0x00000022   Code   RO         2913    i.HAL_CRC_Init      stm32f1xx_hal_crc.o
    0x08000566   0x08000566   0x00000002   PAD
    0x08000568   0x08000568   0x00000028   Code   RO          689    i.HAL_CRC_MspInit   crc.o
    0x08000590   0x08000590   0x00000098   Code   RO         2314    i.HAL_DMA_Abort_IT  stm32f1xx_hal_dma.o
    0x08000628   0x08000628   0x00000024   Code   RO         1941    i.HAL_Delay         stm32f1xx_hal.o
    0x0800064c   0x0800064c   0x000000e0   Code   RO         2246    i.HAL_GPIO_DeInit   stm32f1xx_hal_gpio.o
    0x0800072c   0x0800072c   0x00000002   Code   RO         2247    i.HAL_GPIO_EXTI_Callback  stm32f1xx_hal_gpio.o
    0x0800072e   0x0800072e   0x00000002   PAD
    0x08000730   0x08000730   0x00000018   Code   RO         2248    i.HAL_GPIO_EXTI_IRQHandler  stm32f1xx_hal_gpio.o
    0x08000748   0x08000748   0x000001cc   Code   RO         2249    i.HAL_GPIO_Init     stm32f1xx_hal_gpio.o
    0x08000914   0x08000914   0x0000000e   Code   RO         2252    i.HAL_GPIO_TogglePin  stm32f1xx_hal_gpio.o
    0x08000922   0x08000922   0x0000000a   Code   RO         2253    i.HAL_GPIO_WritePin  stm32f1xx_hal_gpio.o
    0x0800092c   0x0800092c   0x0000000c   Code   RO         1945    i.HAL_GetTick       stm32f1xx_hal.o
    0x08000938   0x08000938   0x00000004   Code   RO         2977    i.HAL_I2C_GetError  stm32f1xx_hal_i2c.o
    0x0800093c   0x0800093c   0x00000174   Code   RO         2980    i.HAL_I2C_Init      stm32f1xx_hal_i2c.o
    0x08000ab0   0x08000ab0   0x0000020c   Code   RO         2986    i.HAL_I2C_Master_Receive  stm32f1xx_hal_i2c.o
    0x08000cbc   0x08000cbc   0x0000012c   Code   RO         2993    i.HAL_I2C_Master_Transmit  stm32f1xx_hal_i2c.o
    0x08000de8   0x08000de8   0x00000060   Code   RO          731    i.HAL_I2C_MspInit   i2c.o
    0x08000e48   0x08000e48   0x00000010   Code   RO         1951    i.HAL_IncTick       stm32f1xx_hal.o
    0x08000e58   0x08000e58   0x00000024   Code   RO         1952    i.HAL_Init          stm32f1xx_hal.o
    0x08000e7c   0x08000e7c   0x00000040   Code   RO         1953    i.HAL_InitTick      stm32f1xx_hal.o
    0x08000ebc   0x08000ebc   0x0000003c   Code   RO         1420    i.HAL_MspInit       stm32f1xx_hal_msp.o
    0x08000ef8   0x08000ef8   0x0000001a   Code   RO         2409    i.HAL_NVIC_EnableIRQ  stm32f1xx_hal_cortex.o
    0x08000f12   0x08000f12   0x00000002   PAD
    0x08000f14   0x08000f14   0x00000040   Code   RO         2415    i.HAL_NVIC_SetPriority  stm32f1xx_hal_cortex.o
    0x08000f54   0x08000f54   0x00000024   Code   RO         2416    i.HAL_NVIC_SetPriorityGrouping  stm32f1xx_hal_cortex.o
    0x08000f78   0x08000f78   0x00000034   Code   RO         1697    i.HAL_PCDEx_PMAConfig  stm32f1xx_hal_pcd_ex.o
    0x08000fac   0x08000fac   0x00000002   Code   RO          964    i.HAL_PCDEx_SetConnectionState  usbd_conf.o
    0x08000fae   0x08000fae   0x0000000e   Code   RO          966    i.HAL_PCD_DataInStageCallback  usbd_conf.o
    0x08000fbc   0x08000fbc   0x00000010   Code   RO          967    i.HAL_PCD_DataOutStageCallback  usbd_conf.o
    0x08000fcc   0x08000fcc   0x00000048   Code   RO         1489    i.HAL_PCD_EP_Close  stm32f1xx_hal_pcd.o
    0x08001014   0x08001014   0x00000058   Code   RO         1490    i.HAL_PCD_EP_ClrStall  stm32f1xx_hal_pcd.o
    0x0800106c   0x0800106c   0x0000000e   Code   RO         1492    i.HAL_PCD_EP_GetRxCount  stm32f1xx_hal_pcd.o
    0x0800107a   0x0800107a   0x0000005c   Code   RO         1493    i.HAL_PCD_EP_Open   stm32f1xx_hal_pcd.o
    0x080010d6   0x080010d6   0x0000002e   Code   RO         1494    i.HAL_PCD_EP_Receive  stm32f1xx_hal_pcd.o
    0x08001104   0x08001104   0x0000006a   Code   RO         1495    i.HAL_PCD_EP_SetStall  stm32f1xx_hal_pcd.o
    0x0800116e   0x0800116e   0x0000002a   Code   RO         1496    i.HAL_PCD_EP_Transmit  stm32f1xx_hal_pcd.o
    0x08001198   0x08001198   0x00000116   Code   RO         1498    i.HAL_PCD_IRQHandler  stm32f1xx_hal_pcd.o
    0x080012ae   0x080012ae   0x000000d0   Code   RO         1501    i.HAL_PCD_Init      stm32f1xx_hal_pcd.o
    0x0800137e   0x0800137e   0x00000002   PAD
    0x08001380   0x08001380   0x0000003c   Code   RO          972    i.HAL_PCD_MspInit   usbd_conf.o
    0x080013bc   0x080013bc   0x00000026   Code   RO          973    i.HAL_PCD_ResetCallback  usbd_conf.o
    0x080013e2   0x080013e2   0x00000008   Code   RO          974    i.HAL_PCD_ResumeCallback  usbd_conf.o
    0x080013ea   0x080013ea   0x00000008   Code   RO          975    i.HAL_PCD_SOFCallback  usbd_conf.o
    0x080013f2   0x080013f2   0x00000028   Code   RO         1507    i.HAL_PCD_SetAddress  stm32f1xx_hal_pcd.o
    0x0800141a   0x0800141a   0x0000000e   Code   RO          976    i.HAL_PCD_SetupStageCallback  usbd_conf.o
    0x08001428   0x08001428   0x00000032   Code   RO         1509    i.HAL_PCD_Start     stm32f1xx_hal_pcd.o
    0x0800145a   0x0800145a   0x00000002   PAD
    0x0800145c   0x0800145c   0x00000024   Code   RO          977    i.HAL_PCD_SuspendCallback  usbd_conf.o
    0x08001480   0x08001480   0x000000e8   Code   RO         2212    i.HAL_RCCEx_PeriphCLKConfig  stm32f1xx_hal_rcc_ex.o
    0x08001568   0x08001568   0x00000138   Code   RO         2109    i.HAL_RCC_ClockConfig  stm32f1xx_hal_rcc.o
    0x080016a0   0x080016a0   0x00000020   Code   RO         2116    i.HAL_RCC_GetPCLK1Freq  stm32f1xx_hal_rcc.o
    0x080016c0   0x080016c0   0x00000020   Code   RO         2117    i.HAL_RCC_GetPCLK2Freq  stm32f1xx_hal_rcc.o
    0x080016e0   0x080016e0   0x0000006c   Code   RO         2118    i.HAL_RCC_GetSysClockFreq  stm32f1xx_hal_rcc.o
    0x0800174c   0x0800174c   0x00000318   Code   RO         2121    i.HAL_RCC_OscConfig  stm32f1xx_hal_rcc.o
    0x08001a64   0x08001a64   0x0000007c   Code   RO         3402    i.HAL_SPI_Init      stm32f1xx_hal_spi.o
    0x08001ae0   0x08001ae0   0x00000070   Code   RO          773    i.HAL_SPI_MspInit   spi.o
    0x08001b50   0x08001b50   0x0000015e   Code   RO         3410    i.HAL_SPI_Transmit  stm32f1xx_hal_spi.o
    0x08001cae   0x08001cae   0x000001da   Code   RO         3411    i.HAL_SPI_TransmitReceive  stm32f1xx_hal_spi.o
    0x08001e88   0x08001e88   0x00000028   Code   RO         2420    i.HAL_SYSTICK_Config  stm32f1xx_hal_cortex.o
    0x08001eb0   0x08001eb0   0x00000002   Code   RO         4390    i.HAL_TIMEx_BreakCallback  stm32f1xx_hal_tim_ex.o
    0x08001eb2   0x08001eb2   0x00000002   Code   RO         4391    i.HAL_TIMEx_CommutCallback  stm32f1xx_hal_tim_ex.o
    0x08001eb4   0x08001eb4   0x00000042   Code   RO         4408    i.HAL_TIMEx_MasterConfigSynchronization  stm32f1xx_hal_tim_ex.o
    0x08001ef6   0x08001ef6   0x00000036   Code   RO         3715    i.HAL_TIM_Base_Init  stm32f1xx_hal_tim.o
    0x08001f2c   0x08001f2c   0x0000003c   Code   RO          842    i.HAL_TIM_Base_MspInit  tim.o
    0x08001f68   0x08001f68   0x00000022   Code   RO         3720    i.HAL_TIM_Base_Start_IT  stm32f1xx_hal_tim.o
    0x08001f8a   0x08001f8a   0x000000d6   Code   RO         3724    i.HAL_TIM_ConfigClockSource  stm32f1xx_hal_tim.o
    0x08002060   0x08002060   0x00000002   Code   RO         3744    i.HAL_TIM_IC_CaptureCallback  stm32f1xx_hal_tim.o
    0x08002062   0x08002062   0x00000166   Code   RO         3758    i.HAL_TIM_IRQHandler  stm32f1xx_hal_tim.o
    0x080021c8   0x080021c8   0x00000002   Code   RO         3761    i.HAL_TIM_OC_DelayElapsedCallback  stm32f1xx_hal_tim.o
    0x080021ca   0x080021ca   0x00000002   Code   RO         3788    i.HAL_TIM_PWM_PulseFinishedCallback  stm32f1xx_hal_tim.o
    0x080021cc   0x080021cc   0x00000002   Code   RO         3796    i.HAL_TIM_PeriodElapsedCallback  stm32f1xx_hal_tim.o
    0x080021ce   0x080021ce   0x00000002   Code   RO         3801    i.HAL_TIM_TriggerCallback  stm32f1xx_hal_tim.o
    0x080021d0   0x080021d0   0x00000002   Code   RO         4662    i.HAL_UART_ErrorCallback  stm32f1xx_hal_uart.o
    0x080021d2   0x080021d2   0x00000002   PAD
    0x080021d4   0x080021d4   0x00000110   Code   RO         4665    i.HAL_UART_IRQHandler  stm32f1xx_hal_uart.o
    0x080022e4   0x080022e4   0x00000062   Code   RO         4666    i.HAL_UART_Init     stm32f1xx_hal_uart.o
    0x08002346   0x08002346   0x00000002   PAD
    0x08002348   0x08002348   0x00000080   Code   RO          884    i.HAL_UART_MspInit  usart.o
    0x080023c8   0x080023c8   0x00000052   Code   RO         4671    i.HAL_UART_Receive_IT  stm32f1xx_hal_uart.o
    0x0800241a   0x0800241a   0x00000002   PAD
    0x0800241c   0x0800241c   0x000000a0   Code   RO          885    i.HAL_UART_RxCpltCallback  usart.o
    0x080024bc   0x080024bc   0x000000ba   Code   RO         4674    i.HAL_UART_Transmit  stm32f1xx_hal_uart.o
    0x08002576   0x08002576   0x00000002   Code   RO         4677    i.HAL_UART_TxCpltCallback  stm32f1xx_hal_uart.o
    0x08002578   0x08002578   0x00000094   Code   RO          212    i.HW_CRC32          hw_crc32.o
    0x0800260c   0x0800260c   0x00000002   Code   RO         1318    i.HardFault_Handler  stm32f1xx_it.o
    0x0800260e   0x0800260e   0x0000002e   Code   RO         3022    i.I2C_IsAcknowledgeFailed  stm32f1xx_hal_i2c.o
    0x0800263c   0x0800263c   0x000000d4   Code   RO         3025    i.I2C_MasterRequestRead  stm32f1xx_hal_i2c.o
    0x08002710   0x08002710   0x00000088   Code   RO         3026    i.I2C_MasterRequestWrite  stm32f1xx_hal_i2c.o
    0x08002798   0x08002798   0x0000004c   Code   RO         3035    i.I2C_WaitOnBTFFlagUntilTimeout  stm32f1xx_hal_i2c.o
    0x080027e4   0x080027e4   0x00000068   Code   RO         3036    i.I2C_WaitOnFlagUntilTimeout  stm32f1xx_hal_i2c.o
    0x0800284c   0x0800284c   0x00000098   Code   RO         3037    i.I2C_WaitOnMasterAddressFlagUntilTimeout  stm32f1xx_hal_i2c.o
    0x080028e4   0x080028e4   0x0000006a   Code   RO         3038    i.I2C_WaitOnRXNEFlagUntilTimeout  stm32f1xx_hal_i2c.o
    0x0800294e   0x0800294e   0x0000004c   Code   RO         3039    i.I2C_WaitOnTXEFlagUntilTimeout  stm32f1xx_hal_i2c.o
    0x0800299a   0x0800299a   0x00000002   PAD
    0x0800299c   0x0800299c   0x00000024   Code   RO         5372    i.ITM_SendChar      retarget_io.o
    0x080029c0   0x080029c0   0x00000036   Code   RO         1176    i.IntToUnicode      usbd_desc.o
    0x080029f6   0x080029f6   0x00000002   PAD
    0x080029f8   0x080029f8   0x00000024   Code   RO          690    i.MX_CRC_Init       crc.o
    0x08002a1c   0x08002a1c   0x00000104   Code   RO          664    i.MX_GPIO_Init      gpio.o
    0x08002b20   0x08002b20   0x00000040   Code   RO          732    i.MX_I2C2_Init      i2c.o
    0x08002b60   0x08002b60   0x00000048   Code   RO          774    i.MX_SPI1_Init      spi.o
    0x08002ba8   0x08002ba8   0x00000068   Code   RO          843    i.MX_TIM1_Init      tim.o
    0x08002c10   0x08002c10   0x00000038   Code   RO          886    i.MX_USART1_UART_Init  usart.o
    0x08002c48   0x08002c48   0x00000054   Code   RO          933    i.MX_USB_DEVICE_Init  usb_device.o
    0x08002c9c   0x08002c9c   0x00000002   Code   RO         1319    i.MemManage_Handler  stm32f1xx_it.o
    0x08002c9e   0x08002c9e   0x00000002   Code   RO         1320    i.NMI_Handler       stm32f1xx_it.o
    0x08002ca0   0x08002ca0   0x000002b0   Code   RO         1512    i.PCD_EP_ISR_Handler  stm32f1xx_hal_pcd.o
    0x08002f50   0x08002f50   0x00000002   Code   RO         1321    i.PendSV_Handler    stm32f1xx_it.o
    0x08002f52   0x08002f52   0x00000020   Code   RO         3440    i.SPI_EndRxTxTransaction  stm32f1xx_hal_spi.o
    0x08002f72   0x08002f72   0x00000094   Code   RO         3445    i.SPI_WaitFlagStateUntilTimeout  stm32f1xx_hal_spi.o
    0x08003006   0x08003006   0x00000002   Code   RO         1322    i.SVC_Handler       stm32f1xx_it.o
    0x08003008   0x08003008   0x00000348   Code   RO          344    i.SX1278_Get_State  sx1278.o
    0x08003350   0x08003350   0x00000084   Code   RO          346    i.SX1278_LoRaEntryRx  sx1278.o
    0x080033d4   0x080033d4   0x00000070   Code   RO          347    i.SX1278_LoRaEntryTx  sx1278.o
    0x08003444   0x08003444   0x00000048   Code   RO          349    i.SX1278_LoRaTxPacket  sx1278.o
    0x0800348c   0x0800348c   0x00000022   Code   RO          352    i.SX1278_RX_Mode    sx1278.o
    0x080034ae   0x080034ae   0x00000002   PAD
    0x080034b0   0x080034b0   0x00000074   Code   RO          354    i.SX1278_SPIBurstWrite  sx1278.o
    0x08003524   0x08003524   0x00000054   Code   RO          355    i.SX1278_SPIReadReg  sx1278.o
    0x08003578   0x08003578   0x0000004c   Code   RO          356    i.SX1278_SPIWriteReg  sx1278.o
    0x080035c4   0x080035c4   0x00000008   Code   RO          359    i.SX1278_clearIrq   sx1278.o
    0x080035cc   0x080035cc   0x000000f0   Code   RO          360    i.SX1278_config     sx1278.o
    0x080036bc   0x080036bc   0x00000014   Code   RO          361    i.SX1278_defaultConfig  sx1278.o
    0x080036d0   0x080036d0   0x00000008   Code   RO          362    i.SX1278_entryLoRa  sx1278.o
    0x080036d8   0x080036d8   0x0000003c   Code   RO          363    i.SX1278_init       sx1278.o
    0x08003714   0x08003714   0x0000003c   Code   RO          366    i.SX1278_reset      sx1278.o
    0x08003750   0x08003750   0x00000018   Code   RO          367    i.SX1278_sleep      sx1278.o
    0x08003768   0x08003768   0x00000018   Code   RO          368    i.SX1278_standby    sx1278.o
    0x08003780   0x08003780   0x00000024   Code   RO          369    i.SX1278_transmit   sx1278.o
    0x080037a4   0x080037a4   0x00000004   Code   RO         1323    i.SysTick_Handler   stm32f1xx_it.o
    0x080037a8   0x080037a8   0x00000070   Code   RO          618    i.SystemClock_Config  main.o
    0x08003818   0x08003818   0x00000048   Code   RO         4968    i.SystemInit        system_stm32f1xx.o
    0x08003860   0x08003860   0x00000024   Code   RO         1324    i.TIM1_UP_IRQHandler  stm32f1xx_it.o
    0x08003884   0x08003884   0x0000006c   Code   RO         3803    i.TIM_Base_SetConfig  stm32f1xx_hal_tim.o
    0x080038f0   0x080038f0   0x00000014   Code   RO         3814    i.TIM_ETR_SetConfig  stm32f1xx_hal_tim.o
    0x08003904   0x08003904   0x00000010   Code   RO         3815    i.TIM_ITRx_SetConfig  stm32f1xx_hal_tim.o
    0x08003914   0x08003914   0x00000022   Code   RO         3821    i.TIM_TI1_ConfigInputStage  stm32f1xx_hal_tim.o
    0x08003936   0x08003936   0x00000024   Code   RO         3823    i.TIM_TI2_ConfigInputStage  stm32f1xx_hal_tim.o
    0x0800395a   0x0800395a   0x00000010   Code   RO         4679    i.UART_DMAAbortOnError  stm32f1xx_hal_uart.o
    0x0800396a   0x0800396a   0x0000001c   Code   RO         4689    i.UART_EndRxTransfer  stm32f1xx_hal_uart.o
    0x08003986   0x08003986   0x00000096   Code   RO         4691    i.UART_Receive_IT   stm32f1xx_hal_uart.o
    0x08003a1c   0x08003a1c   0x000000b8   Code   RO         4692    i.UART_SetConfig    stm32f1xx_hal_uart.o
    0x08003ad4   0x08003ad4   0x00000062   Code   RO         4693    i.UART_Transmit_IT  stm32f1xx_hal_uart.o
    0x08003b36   0x08003b36   0x00000062   Code   RO         4694    i.UART_WaitOnFlagUntilTimeout  stm32f1xx_hal_uart.o
    0x08003b98   0x08003b98   0x0000000c   Code   RO         1325    i.USART1_IRQHandler  stm32f1xx_it.o
    0x08003ba4   0x08003ba4   0x00000046   Code   RO         5268    i.USBD_CDC_DataIn   usbd_cdc.o
    0x08003bea   0x08003bea   0x0000002e   Code   RO         5269    i.USBD_CDC_DataOut  usbd_cdc.o
    0x08003c18   0x08003c18   0x00000044   Code   RO         5270    i.USBD_CDC_DeInit   usbd_cdc.o
    0x08003c5c   0x08003c5c   0x00000024   Code   RO         5271    i.USBD_CDC_EP0_RxReady  usbd_cdc.o
    0x08003c80   0x08003c80   0x0000000c   Code   RO         5272    i.USBD_CDC_GetDeviceQualifierDescriptor  usbd_cdc.o
    0x08003c8c   0x08003c8c   0x0000000c   Code   RO         5273    i.USBD_CDC_GetFSCfgDesc  usbd_cdc.o
    0x08003c98   0x08003c98   0x0000000c   Code   RO         5274    i.USBD_CDC_GetHSCfgDesc  usbd_cdc.o
    0x08003ca4   0x08003ca4   0x0000000c   Code   RO         5275    i.USBD_CDC_GetOtherSpeedCfgDesc  usbd_cdc.o
    0x08003cb0   0x08003cb0   0x00000094   Code   RO         5276    i.USBD_CDC_Init     usbd_cdc.o
    0x08003d44   0x08003d44   0x00000028   Code   RO         5277    i.USBD_CDC_ReceivePacket  usbd_cdc.o
    0x08003d6c   0x08003d6c   0x00000010   Code   RO         5278    i.USBD_CDC_RegisterInterface  usbd_cdc.o
    0x08003d7c   0x08003d7c   0x0000000c   Code   RO         5279    i.USBD_CDC_SetRxBuffer  usbd_cdc.o
    0x08003d88   0x08003d88   0x00000010   Code   RO         5280    i.USBD_CDC_SetTxBuffer  usbd_cdc.o
    0x08003d98   0x08003d98   0x000000ac   Code   RO         5281    i.USBD_CDC_Setup    usbd_cdc.o
    0x08003e44   0x08003e44   0x00000036   Code   RO         5282    i.USBD_CDC_TransmitPacket  usbd_cdc.o
    0x08003e7a   0x08003e7a   0x0000000e   Code   RO         5005    i.USBD_ClrClassConfig  usbd_core.o
    0x08003e88   0x08003e88   0x00000010   Code   RO         5208    i.USBD_CtlContinueRx  usbd_ioreq.o
    0x08003e98   0x08003e98   0x00000010   Code   RO         5209    i.USBD_CtlContinueSendData  usbd_ioreq.o
    0x08003ea8   0x08003ea8   0x00000016   Code   RO         5143    i.USBD_CtlError     usbd_ctlreq.o
    0x08003ebe   0x08003ebe   0x0000001e   Code   RO         5210    i.USBD_CtlPrepareRx  usbd_ioreq.o
    0x08003edc   0x08003edc   0x00000016   Code   RO         5211    i.USBD_CtlReceiveStatus  usbd_ioreq.o
    0x08003ef2   0x08003ef2   0x0000001a   Code   RO         5212    i.USBD_CtlSendData  usbd_ioreq.o
    0x08003f0c   0x08003f0c   0x00000016   Code   RO         5213    i.USBD_CtlSendStatus  usbd_ioreq.o
    0x08003f22   0x08003f22   0x00000002   PAD
    0x08003f24   0x08003f24   0x00000020   Code   RO         1177    i.USBD_FS_ConfigStrDescriptor  usbd_desc.o
    0x08003f44   0x08003f44   0x0000000c   Code   RO         1178    i.USBD_FS_DeviceDescriptor  usbd_desc.o
    0x08003f50   0x08003f50   0x00000024   Code   RO         1179    i.USBD_FS_InterfaceStrDescriptor  usbd_desc.o
    0x08003f74   0x08003f74   0x0000000c   Code   RO         1180    i.USBD_FS_LangIDStrDescriptor  usbd_desc.o
    0x08003f80   0x08003f80   0x00000028   Code   RO         1181    i.USBD_FS_ManufacturerStrDescriptor  usbd_desc.o
    0x08003fa8   0x08003fa8   0x0000002c   Code   RO         1182    i.USBD_FS_ProductStrDescriptor  usbd_desc.o
    0x08003fd4   0x08003fd4   0x00000038   Code   RO         1183    i.USBD_FS_SerialStrDescriptor  usbd_desc.o
    0x0800400c   0x0800400c   0x000000e8   Code   RO         5144    i.USBD_GetDescriptor  usbd_ctlreq.o
    0x080040f4   0x080040f4   0x00000048   Code   RO         5145    i.USBD_GetString    usbd_ctlreq.o
    0x0800413c   0x0800413c   0x00000018   Code   RO          978    i.USBD_Get_USB_Status  usbd_conf.o
    0x08004154   0x08004154   0x0000002a   Code   RO         5007    i.USBD_Init         usbd_core.o
    0x0800417e   0x0800417e   0x00000012   Code   RO          979    i.USBD_LL_ClearStallEP  usbd_conf.o
    0x08004190   0x08004190   0x00000012   Code   RO          980    i.USBD_LL_CloseEP   usbd_conf.o
    0x080041a2   0x080041a2   0x000000c6   Code   RO         5008    i.USBD_LL_DataInStage  usbd_core.o
    0x08004268   0x08004268   0x00000082   Code   RO         5009    i.USBD_LL_DataOutStage  usbd_core.o
    0x080042ea   0x080042ea   0x00000008   Code   RO          984    i.USBD_LL_GetRxDataSize  usbd_conf.o
    0x080042f2   0x080042f2   0x00000002   PAD
    0x080042f4   0x080042f4   0x00000080   Code   RO          985    i.USBD_LL_Init      usbd_conf.o
    0x08004374   0x08004374   0x0000001c   Code   RO          986    i.USBD_LL_IsStallEP  usbd_conf.o
    0x08004390   0x08004390   0x00000018   Code   RO          987    i.USBD_LL_OpenEP    usbd_conf.o
    0x080043a8   0x080043a8   0x00000012   Code   RO          988    i.USBD_LL_PrepareReceive  usbd_conf.o
    0x080043ba   0x080043ba   0x00000050   Code   RO         5014    i.USBD_LL_Reset     usbd_core.o
    0x0800440a   0x0800440a   0x00000014   Code   RO         5015    i.USBD_LL_Resume    usbd_core.o
    0x0800441e   0x0800441e   0x00000018   Code   RO         5016    i.USBD_LL_SOF       usbd_core.o
    0x08004436   0x08004436   0x00000006   Code   RO         5017    i.USBD_LL_SetSpeed  usbd_core.o
    0x0800443c   0x0800443c   0x00000012   Code   RO          989    i.USBD_LL_SetUSBAddress  usbd_conf.o
    0x0800444e   0x0800444e   0x0000005a   Code   RO         5018    i.USBD_LL_SetupStage  usbd_core.o
    0x080044a8   0x080044a8   0x00000012   Code   RO          990    i.USBD_LL_StallEP   usbd_conf.o
    0x080044ba   0x080044ba   0x00000012   Code   RO          991    i.USBD_LL_Start     usbd_conf.o
    0x080044cc   0x080044cc   0x00000012   Code   RO         5019    i.USBD_LL_Suspend   usbd_core.o
    0x080044de   0x080044de   0x00000012   Code   RO          993    i.USBD_LL_Transmit  usbd_conf.o
    0x080044f0   0x080044f0   0x00000028   Code   RO         5146    i.USBD_ParseSetupRequest  usbd_ctlreq.o
    0x08004518   0x08004518   0x00000010   Code   RO         5020    i.USBD_RegisterClass  usbd_core.o
    0x08004528   0x08004528   0x00000016   Code   RO         5022    i.USBD_SetClassConfig  usbd_core.o
    0x0800453e   0x0800453e   0x00000002   PAD
    0x08004540   0x08004540   0x00000084   Code   RO         5147    i.USBD_SetConfig    usbd_ctlreq.o
    0x080045c4   0x080045c4   0x0000000a   Code   RO         5023    i.USBD_Start        usbd_core.o
    0x080045ce   0x080045ce   0x00000112   Code   RO         5148    i.USBD_StdDevReq    usbd_ctlreq.o
    0x080046e0   0x080046e0   0x00000150   Code   RO         5149    i.USBD_StdEPReq     usbd_ctlreq.o
    0x08004830   0x08004830   0x0000004e   Code   RO         5150    i.USBD_StdItfReq    usbd_ctlreq.o
    0x0800487e   0x0800487e   0x00000002   Code   RO          994    i.USBD_static_free  usbd_conf.o
    0x08004880   0x08004880   0x00000008   Code   RO          995    i.USBD_static_malloc  usbd_conf.o
    0x08004888   0x08004888   0x00000290   Code   RO         1737    i.USB_ActivateEndpoint  stm32f1xx_ll_usb.o
    0x08004b18   0x08004b18   0x00000004   Code   RO         1740    i.USB_CoreInit      stm32f1xx_ll_usb.o
    0x08004b1c   0x08004b1c   0x00000110   Code   RO         1742    i.USB_DeactivateEndpoint  stm32f1xx_ll_usb.o
    0x08004c2c   0x08004c2c   0x00000004   Code   RO         1743    i.USB_DevConnect    stm32f1xx_ll_usb.o
    0x08004c30   0x08004c30   0x00000004   Code   RO         1744    i.USB_DevDisconnect  stm32f1xx_ll_usb.o
    0x08004c34   0x08004c34   0x0000001e   Code   RO         1745    i.USB_DevInit       stm32f1xx_ll_usb.o
    0x08004c52   0x08004c52   0x0000000e   Code   RO         1746    i.USB_DisableGlobalInt  stm32f1xx_ll_usb.o
    0x08004c60   0x08004c60   0x00000004   Code   RO         1747    i.USB_EP0_OutStart  stm32f1xx_ll_usb.o
    0x08004c64   0x08004c64   0x00000074   Code   RO         1748    i.USB_EPClearStall  stm32f1xx_ll_usb.o
    0x08004cd8   0x08004cd8   0x00000032   Code   RO         1749    i.USB_EPSetStall    stm32f1xx_ll_usb.o
    0x08004d0a   0x08004d0a   0x0000019c   Code   RO         1750    i.USB_EPStartXfer   stm32f1xx_ll_usb.o
    0x08004ea6   0x08004ea6   0x0000000e   Code   RO         1751    i.USB_EnableGlobalInt  stm32f1xx_ll_usb.o
    0x08004eb4   0x08004eb4   0x0000000c   Code   RO         1326    i.USB_LP_CAN1_RX0_IRQHandler  stm32f1xx_it.o
    0x08004ec0   0x08004ec0   0x00000006   Code   RO         1758    i.USB_ReadInterrupts  stm32f1xx_ll_usb.o
    0x08004ec6   0x08004ec6   0x0000002a   Code   RO         1759    i.USB_ReadPMA       stm32f1xx_ll_usb.o
    0x08004ef0   0x08004ef0   0x00000004   Code   RO         1761    i.USB_SetCurrentMode  stm32f1xx_ll_usb.o
    0x08004ef4   0x08004ef4   0x0000000c   Code   RO         1762    i.USB_SetDevAddress  stm32f1xx_ll_usb.o
    0x08004f00   0x08004f00   0x00000026   Code   RO         1765    i.USB_WritePMA      stm32f1xx_ll_usb.o
    0x08004f26   0x08004f26   0x00000002   Code   RO         1327    i.UsageFault_Handler  stm32f1xx_it.o
    0x08004f28   0x08004f28   0x000001e0   Code   RO          239    i.WL_Check_Addr     wireless_ctrl.o
    0x08005108   0x08005108   0x000001e8   Code   RO          240    i.WL_Check_Packet   wireless_ctrl.o
    0x080052f0   0x080052f0   0x0000002c   Code   RO          241    i.WL_Get_Var        wireless_ctrl.o
    0x0800531c   0x0800531c   0x0000010c   Code   RO          242    i.WL_Handler        wireless_ctrl.o
    0x08005428   0x08005428   0x0000002c   Code   RO          243    i.WL_Run_CMD        wireless_ctrl.o
    0x08005454   0x08005454   0x00000158   Code   RO          244    i.WL_Send_Packet    wireless_ctrl.o
    0x080055ac   0x080055ac   0x00000004   Code   RO          245    i.WL_Set_Var        wireless_ctrl.o
    0x080055b0   0x080055b0   0x00000020   Code   RO         5670    i.__0printf$8       mc_w.l(printf8.o)
    0x080055d0   0x080055d0   0x00000028   Code   RO         5672    i.__0sprintf$8      mc_w.l(printf8.o)
    0x080055f8   0x080055f8   0x00000020   Code   RO         2422    i.__NVIC_SetPriority  stm32f1xx_hal_cortex.o
    0x08005618   0x08005618   0x00000008   Code   RO         5772    i.__aeabi_errno_addr  mc_w.l(errno.o)
    0x08005620   0x08005620   0x0000000e   Code   RO         5804    i.__scatterload_copy  mc_w.l(handlers.o)
    0x0800562e   0x0800562e   0x00000002   Code   RO         5805    i.__scatterload_null  mc_w.l(handlers.o)
    0x08005630   0x08005630   0x0000000e   Code   RO         5806    i.__scatterload_zeroinit  mc_w.l(handlers.o)
    0x0800563e   0x0800563e   0x00000002   PAD
    0x08005640   0x08005640   0x00000410   Code   RO         5677    i._printf_core      mc_w.l(printf8.o)
    0x08005a50   0x08005a50   0x00000024   Code   RO         5678    i._printf_post_padding  mc_w.l(printf8.o)
    0x08005a74   0x08005a74   0x0000002e   Code   RO         5679    i._printf_pre_padding  mc_w.l(printf8.o)
    0x08005aa2   0x08005aa2   0x0000000a   Code   RO         5681    i._sputc            mc_w.l(printf8.o)
    0x08005aac   0x08005aac   0x00000018   Code   RO           14    i.ds18b20_Convert_int8  ds18b20.o
    0x08005ac4   0x08005ac4   0x00000024   Code   RO           15    i.ds18b20_GetTemp   ds18b20.o
    0x08005ae8   0x08005ae8   0x0000003a   Code   RO           16    i.ds18b20_Init      ds18b20.o
    0x08005b22   0x08005b22   0x0000001c   Code   RO           17    i.ds18b20_MeasureTemperCmd  ds18b20.o
    0x08005b3e   0x08005b3e   0x00000002   PAD
    0x08005b40   0x08005b40   0x00000038   Code   RO           18    i.ds18b20_ReadBit   ds18b20.o
    0x08005b78   0x08005b78   0x0000001c   Code   RO           19    i.ds18b20_ReadByte  ds18b20.o
    0x08005b94   0x08005b94   0x00000034   Code   RO           20    i.ds18b20_ReadStratcpad  ds18b20.o
    0x08005bc8   0x08005bc8   0x00000040   Code   RO           21    i.ds18b20_Reset     ds18b20.o
    0x08005c08   0x08005c08   0x00000038   Code   RO           22    i.ds18b20_WriteBit  ds18b20.o
    0x08005c40   0x08005c40   0x00000022   Code   RO           23    i.ds18b20_WriteByte  ds18b20.o
    0x08005c62   0x08005c62   0x00000002   PAD
    0x08005c64   0x08005c64   0x00000020   Code   RO         5377    i.fputc             retarget_io.o
    0x08005c84   0x08005c84   0x000001d4   Code   RO          619    i.main              main.o
    0x08005e58   0x08005e58   0x000007ec   Code   RO          533    i.parseCommand      uart_cmd_parser.o
    0x08006644   0x08006644   0x00000030   Code   RO           24    i.port_init         ds18b20.o
    0x08006674   0x08006674   0x000001b4   Code   RO          246    i.print_pack_info   wireless_ctrl.o
    0x08006828   0x08006828   0x0000001e   Code   RO          534    i.str_to_int32      uart_cmd_parser.o
    0x08006846   0x08006846   0x00000002   PAD
    0x08006848   0x08006848   0x000007a4   Code   RO          535    i.uartInit          uart_cmd_parser.o
    0x08006fec   0x08006fec   0x00000018   Data   RO          371    .constdata          sx1278.o
    0x08007004   0x08007004   0x00000007   Data   RO          536    .constdata          uart_cmd_parser.o
    0x0800700b   0x0800700b   0x00000010   Data   RO         4969    .constdata          system_stm32f1xx.o
    0x0800701b   0x0800701b   0x00000008   Data   RO         4970    .constdata          system_stm32f1xx.o
    0x08007023   0x08007023   0x00000081   Data   RO         5745    .constdata          mc_w.l(ctype_o.o)
    0x080070a4   0x080070a4   0x00000004   Data   RO         5746    .constdata          mc_w.l(ctype_o.o)
    0x080070a8   0x080070a8   0x0000008c   Data   RO          248    .conststring        wireless_ctrl.o
    0x08007134   0x08007134   0x0000006c   Data   RO          372    .conststring        sx1278.o
    0x080071a0   0x080071a0   0x0000015f   Data   RO          537    .conststring        uart_cmd_parser.o
    0x080072ff   0x080072ff   0x00000001   PAD
    0x08007300   0x08007300   0x00000020   Data   RO         5802    Region$$Table       anon$$obj.o


    Execution Region RW_IRAM1 (Exec base: 0x20000000, Load base: 0x08007320, Size: 0x00001730, Max: 0x00005000, ABSOLUTE, COMPRESSED[0x00000158])

    Exec Addr    Load Addr    Size         Type   Attr      Idx    E Section Name        Object

    0x20000000   COMPRESSED   0x00000009   Data   RW           26    .data               ds18b20.o
    0x20000009   COMPRESSED   0x00000003   PAD
    0x2000000c   COMPRESSED   0x00000040   Data   RW          249    .data               wireless_ctrl.o
    0x2000004c   COMPRESSED   0x00000002   Data   RW          250    .data               wireless_ctrl.o
    0x2000004e   COMPRESSED   0x00000002   Data   RW          251    .data               wireless_ctrl.o
    0x20000050   COMPRESSED   0x0000004c   Data   RW          373    .data               sx1278.o
    0x2000009c   COMPRESSED   0x000000b0   Data   RW          538    .data               uart_cmd_parser.o
    0x2000014c   COMPRESSED   0x00000008   Data   RW          691    .data               crc.o
    0x20000154   COMPRESSED   0x00000005   Data   RW          888    .data               usart.o
    0x20000159   COMPRESSED   0x00000003   PAD
    0x2000015c   COMPRESSED   0x0000001c   Data   RW         1185    .data               usbd_desc.o
    0x20000178   COMPRESSED   0x00000032   Data   RW         1186    .data               usbd_desc.o
    0x200001aa   COMPRESSED   0x00000004   Data   RW         1268    .data               usbd_cdc_if.o
    0x200001ae   COMPRESSED   0x00000002   PAD
    0x200001b0   COMPRESSED   0x00000010   Data   RW         1269    .data               usbd_cdc_if.o
    0x200001c0   COMPRESSED   0x0000000c   Data   RW         1959    .data               stm32f1xx_hal.o
    0x200001cc   COMPRESSED   0x00000004   Data   RW         4971    .data               system_stm32f1xx.o
    0x200001d0   COMPRESSED   0x00000001   Data   RW         5151    .data               usbd_ctlreq.o
    0x200001d1   COMPRESSED   0x00000003   PAD
    0x200001d4   COMPRESSED   0x000000d7   Data   RW         5283    .data               usbd_cdc.o
    0x200002ab   COMPRESSED   0x00000001   PAD
    0x200002ac   COMPRESSED   0x00000038   Data   RW         5284    .data               usbd_cdc.o
    0x200002e4   COMPRESSED   0x00000004   Data   RW         5449    .data               mc_w.l(stdout.o)
    0x200002e8   COMPRESSED   0x00000004   Data   RW         5450    .data               mc_w.l(stderr.o)
    0x200002ec   COMPRESSED   0x00000004   Data   RW         5775    .data               mc_w.l(errno.o)
    0x200002f0        -       0x00000054   Zero   RW          247    .bss                wireless_ctrl.o
    0x20000344        -       0x0000014a   Zero   RW          370    .bss                sx1278.o
    0x2000048e   COMPRESSED   0x00000002   PAD
    0x20000490        -       0x00000054   Zero   RW          733    .bss                i2c.o
    0x200004e4        -       0x00000058   Zero   RW          775    .bss                spi.o
    0x2000053c        -       0x00000040   Zero   RW          844    .bss                tim.o
    0x2000057c        -       0x00000090   Zero   RW          887    .bss                usart.o
    0x2000060c        -       0x000002c4   Zero   RW          934    .bss                usb_device.o
    0x200008d0        -       0x0000048c   Zero   RW          996    .bss                usbd_conf.o
    0x20000d5c        -       0x00000100   Zero   RW         1184    .bss                usbd_desc.o
    0x20000e5c        -       0x000000d0   Zero   RW         1267    .bss                usbd_cdc_if.o
    0x20000f2c   COMPRESSED   0x00000004   PAD
    0x20000f30        -       0x00000800   Zero   RW            1    STACK               startup_stm32f103xb.o


==============================================================================

Image component sizes


      Code (inc. data)   RO Data    RW Data    ZI Data      Debug   Object Name

        76         18          0          8          0       1519   crc.o
       524         42          0          9          0     457050   ds18b20.o
       260         20          0          0          0        991   gpio.o
       148          4          0          0          0       1023   hw_crc32.o
       160         28          0          0         84       1661   i2c.o
       582         68          0          0          0       2480   main.o
        68         14          0          0          0       3515   retarget_io.o
       184         24          0          0         88       1685   spi.o
        36          8        236          0       2048        820   startup_stm32f103xb.o
       164         28          0         12          0       6041   stm32f1xx_hal.o
       198         14          0          0          0      29007   stm32f1xx_hal_cortex.o
        34          0          0          0          0       1067   stm32f1xx_hal_crc.o
       152          4          0          0          0       1135   stm32f1xx_hal_dma.o
       734         66          0          0          0       5647   stm32f1xx_hal_gpio.o
      2108         42          0          0          0      12669   stm32f1xx_hal_i2c.o
        60          8          0          0          0        886   stm32f1xx_hal_msp.o
      1724          0          0          0          0      10773   stm32f1xx_hal_pcd.o
        52          0          0          0          0       1210   stm32f1xx_hal_pcd_ex.o
      1276        100          0          0          0       5448   stm32f1xx_hal_rcc.o
       232         12          0          0          0       1476   stm32f1xx_hal_rcc_ex.o
      1128          0          0          0          0       6120   stm32f1xx_hal_spi.o
       884         14          0          0          0      10621   stm32f1xx_hal_tim.o
        70          0          0          0          0       2469   stm32f1xx_hal_tim_ex.o
      1216         12          0          0          0       9591   stm32f1xx_hal_uart.o
        94         26          0          0          0       6200   stm32f1xx_it.o
      1682          0          0          0          0      15629   stm32f1xx_ll_usb.o
      1946        356        132         76        330      15440   sx1278.o
        72         16         24          4          0       1211   system_stm32f1xx.o
       164         18          0          0         64       1690   tim.o
      4014       2038        358        176          0      17028   uart_cmd_parser.o
       344         36          0          5        144       2655   usart.o
        84         18          0          0        708        792   usb_device.o
       726         16          0        271          0      13418   usbd_cdc.o
       284         28          0         20        208       3953   usbd_cdc_if.o
       544         30          0          0       1164      13989   usbd_conf.o
       670          0          0          0          0       9711   usbd_core.o
      1186         28          0          1          0       8248   usbd_ctlreq.o
       286        104          0         78        256       5953   usbd_desc.o
       132          0          0          0          0       4448   usbd_ioreq.o
      2108        588        140         68         84       8002   wireless_ctrl.o

    ----------------------------------------------------------------------
     26444       3828        923        740       5184     703271   Object Totals
         0          0         32          0          0          0   (incl. Generated)
        38          0          1         12          6          0   (incl. Padding)

    ----------------------------------------------------------------------

      Code (inc. data)   RO Data    RW Data    ZI Data      Debug   Library Member Name

        86          0          0          0          0          0   __dczerorl2.o
        28          0          0          0          0         68   _chval.o
       158          0          0          0          0         92   _strtoul.o
         8          4        133          0          0         68   ctype_o.o
         0          0          0          0          0          0   entry.o
         0          0          0          0          0          0   entry10a.o
         0          0          0          0          0          0   entry11a.o
         8          4          0          0          0          0   entry2.o
         4          0          0          0          0          0   entry5.o
         0          0          0          0          0          0   entry7b.o
         0          0          0          0          0          0   entry8b.o
         8          4          0          0          0          0   entry9a.o
         8          4          0          4          0         68   errno.o
        30          0          0          0          0          0   handlers.o
        36          8          0          0          0         68   init.o
        30          0          0          0          0         68   llshl.o
        32          0          0          0          0         68   llushr.o
        36          0          0          0          0         68   memcpya.o
        36          0          0          0          0        108   memseta.o
      1204         60          0          0          0        504   printf8.o
         0          0          0          4          0          0   stderr.o
         0          0          0          4          0          0   stdout.o
        14          0          0          0          0         68   strlen.o
        30          0          0          0          0         80   strncmp.o
       112          0          0          0          0         88   strtol.o
        98          0          0          0          0         92   uldiv.o

    ----------------------------------------------------------------------
      1972         84        133         12          0       1508   Library Totals
         6          0          0          0          0          0   (incl. Padding)

    ----------------------------------------------------------------------

      Code (inc. data)   RO Data    RW Data    ZI Data      Debug   Library Name

      1966         84        133         12          0       1508   mc_w.l

    ----------------------------------------------------------------------
      1972         84        133         12          0       1508   Library Totals

    ----------------------------------------------------------------------

==============================================================================


      Code (inc. data)   RO Data    RW Data    ZI Data      Debug   

     28416       3912       1056        752       5184     691283   Grand Totals
     28416       3912       1056        344       5184     691283   ELF Image Totals (compressed)
     28416       3912       1056        344          0          0   ROM Totals

==============================================================================

    Total RO  Size (Code + RO Data)                29472 (  28.78kB)
    Total RW  Size (RW Data + ZI Data)              5936 (   5.80kB)
    Total ROM Size (Code + RO Data + RW Data)      29816 (  29.12kB)

==============================================================================

